Archive member included to satisfy reference by file (symbol)

c:/ac6/systemworkbench/plugins/fr.ac6.mcu.externaltools.arm-none.win32_1.17.0.201812190825/tools/compiler/bin/../lib/gcc/arm-none-eabi/7.3.1/thumb/v7e-m/fpv4-sp/hard\libgcc.a(_aeabi_uldivmod.o)
                              Drivers/STM32F4xx_HAL_Driver/Src/stm32f4xx_hal_rcc.o (__aeabi_uldivmod)
c:/ac6/systemworkbench/plugins/fr.ac6.mcu.externaltools.arm-none.win32_1.17.0.201812190825/tools/compiler/bin/../lib/gcc/arm-none-eabi/7.3.1/thumb/v7e-m/fpv4-sp/hard\libgcc.a(_udivmoddi4.o)
                              c:/ac6/systemworkbench/plugins/fr.ac6.mcu.externaltools.arm-none.win32_1.17.0.201812190825/tools/compiler/bin/../lib/gcc/arm-none-eabi/7.3.1/thumb/v7e-m/fpv4-sp/hard\libgcc.a(_aeabi_uldivmod.o) (__udivmoddi4)
c:/ac6/systemworkbench/plugins/fr.ac6.mcu.externaltools.arm-none.win32_1.17.0.201812190825/tools/compiler/bin/../lib/gcc/arm-none-eabi/7.3.1/thumb/v7e-m/fpv4-sp/hard\libgcc.a(_dvmd_tls.o)
                              c:/ac6/systemworkbench/plugins/fr.ac6.mcu.externaltools.arm-none.win32_1.17.0.201812190825/tools/compiler/bin/../lib/gcc/arm-none-eabi/7.3.1/thumb/v7e-m/fpv4-sp/hard\libgcc.a(_aeabi_uldivmod.o) (__aeabi_ldiv0)
c:/ac6/systemworkbench/plugins/fr.ac6.mcu.externaltools.arm-none.win32_1.17.0.201812190825/tools/compiler/bin/../lib/gcc/arm-none-eabi/7.3.1/../../../../arm-none-eabi/lib/thumb/v7e-m/fpv4-sp/hard\libc_nano.a(lib_a-errno.o)
                              Src/syscalls.o (__errno)
c:/ac6/systemworkbench/plugins/fr.ac6.mcu.externaltools.arm-none.win32_1.17.0.201812190825/tools/compiler/bin/../lib/gcc/arm-none-eabi/7.3.1/../../../../arm-none-eabi/lib/thumb/v7e-m/fpv4-sp/hard\libc_nano.a(lib_a-exit.o)
                              c:/ac6/systemworkbench/plugins/fr.ac6.mcu.externaltools.arm-none.win32_1.17.0.201812190825/tools/compiler/bin/../lib/gcc/arm-none-eabi/7.3.1/../../../../arm-none-eabi/lib/thumb/v7e-m/fpv4-sp/hard/crt0.o (exit)
c:/ac6/systemworkbench/plugins/fr.ac6.mcu.externaltools.arm-none.win32_1.17.0.201812190825/tools/compiler/bin/../lib/gcc/arm-none-eabi/7.3.1/../../../../arm-none-eabi/lib/thumb/v7e-m/fpv4-sp/hard\libc_nano.a(lib_a-impure.o)
                              c:/ac6/systemworkbench/plugins/fr.ac6.mcu.externaltools.arm-none.win32_1.17.0.201812190825/tools/compiler/bin/../lib/gcc/arm-none-eabi/7.3.1/../../../../arm-none-eabi/lib/thumb/v7e-m/fpv4-sp/hard\libc_nano.a(lib_a-exit.o) (_global_impure_ptr)
c:/ac6/systemworkbench/plugins/fr.ac6.mcu.externaltools.arm-none.win32_1.17.0.201812190825/tools/compiler/bin/../lib/gcc/arm-none-eabi/7.3.1/../../../../arm-none-eabi/lib/thumb/v7e-m/fpv4-sp/hard\libc_nano.a(lib_a-init.o)
                              c:/ac6/systemworkbench/plugins/fr.ac6.mcu.externaltools.arm-none.win32_1.17.0.201812190825/tools/compiler/bin/../lib/gcc/arm-none-eabi/7.3.1/../../../../arm-none-eabi/lib/thumb/v7e-m/fpv4-sp/hard/crt0.o (__libc_init_array)
c:/ac6/systemworkbench/plugins/fr.ac6.mcu.externaltools.arm-none.win32_1.17.0.201812190825/tools/compiler/bin/../lib/gcc/arm-none-eabi/7.3.1/../../../../arm-none-eabi/lib/thumb/v7e-m/fpv4-sp/hard\libc_nano.a(lib_a-malloc.o)
                              Middlewares/ST/STM32_USB_Host_Library/Class/CDC/Src/usbh_cdc.o (malloc)
c:/ac6/systemworkbench/plugins/fr.ac6.mcu.externaltools.arm-none.win32_1.17.0.201812190825/tools/compiler/bin/../lib/gcc/arm-none-eabi/7.3.1/../../../../arm-none-eabi/lib/thumb/v7e-m/fpv4-sp/hard\libc_nano.a(lib_a-memset.o)
                              c:/ac6/systemworkbench/plugins/fr.ac6.mcu.externaltools.arm-none.win32_1.17.0.201812190825/tools/compiler/bin/../lib/gcc/arm-none-eabi/7.3.1/../../../../arm-none-eabi/lib/thumb/v7e-m/fpv4-sp/hard/crt0.o (memset)
c:/ac6/systemworkbench/plugins/fr.ac6.mcu.externaltools.arm-none.win32_1.17.0.201812190825/tools/compiler/bin/../lib/gcc/arm-none-eabi/7.3.1/../../../../arm-none-eabi/lib/thumb/v7e-m/fpv4-sp/hard\libc_nano.a(lib_a-nano-freer.o)
                              c:/ac6/systemworkbench/plugins/fr.ac6.mcu.externaltools.arm-none.win32_1.17.0.201812190825/tools/compiler/bin/../lib/gcc/arm-none-eabi/7.3.1/../../../../arm-none-eabi/lib/thumb/v7e-m/fpv4-sp/hard\libc_nano.a(lib_a-malloc.o) (_free_r)
c:/ac6/systemworkbench/plugins/fr.ac6.mcu.externaltools.arm-none.win32_1.17.0.201812190825/tools/compiler/bin/../lib/gcc/arm-none-eabi/7.3.1/../../../../arm-none-eabi/lib/thumb/v7e-m/fpv4-sp/hard\libc_nano.a(lib_a-nano-mallocr.o)
                              c:/ac6/systemworkbench/plugins/fr.ac6.mcu.externaltools.arm-none.win32_1.17.0.201812190825/tools/compiler/bin/../lib/gcc/arm-none-eabi/7.3.1/../../../../arm-none-eabi/lib/thumb/v7e-m/fpv4-sp/hard\libc_nano.a(lib_a-malloc.o) (_malloc_r)
c:/ac6/systemworkbench/plugins/fr.ac6.mcu.externaltools.arm-none.win32_1.17.0.201812190825/tools/compiler/bin/../lib/gcc/arm-none-eabi/7.3.1/../../../../arm-none-eabi/lib/thumb/v7e-m/fpv4-sp/hard\libc_nano.a(lib_a-sbrkr.o)
[...]
Memory Configuration

Name             Origin             Length             Attributes
RAM              0x20000000         0x00020000         xrw
FLASH            0x08000000         0x00080000         xr
*default*        0x00000000         0xffffffff

Linker script and memory map

LOAD c:/ac6/systemworkbench/plugins/fr.ac6.mcu.externaltools.arm-none.win32_1.17.0.201812190825/tools/compiler/bin/../lib/gcc/arm-none-eabi/7.3.1/thumb/v7e-m/fpv4-sp/hard/crti.o
LOAD c:/ac6/systemworkbench/plugins/fr.ac6.mcu.externaltools.arm-none.win32_1.17.0.201812190825/tools/compiler/bin/../lib/gcc/arm-none-eabi/7.3.1/thumb/v7e-m/fpv4-sp/hard/crtbegin.o
LOAD c:/ac6/systemworkbench/plugins/fr.ac6.mcu.externaltools.arm-none.win32_1.17.0.201812190825/tools/compiler/bin/../lib/gcc/arm-none-eabi/7.3.1/../../../../arm-none-eabi/lib/thumb/v7e-m/fpv4-sp/hard/crt0.o
LOAD Drivers/STM32F4xx_HAL_Driver/Src/stm32f4xx_hal.o
LOAD Drivers/STM32F4xx_HAL_Driver/Src/stm32f4xx_hal_adc.o
LOAD Drivers/STM32F4xx_HAL_Driver/Src/stm32f4xx_hal_adc_ex.o
LOAD Drivers/STM32F4xx_HAL_Driver/Src/stm32f4xx_hal_cortex.o
LOAD Drivers/STM32F4xx_HAL_Driver/Src/stm32f4xx_hal_dma.o
LOAD Drivers/STM32F4xx_HAL_Driver/Src/stm32f4xx_hal_dma_ex.o
LOAD Drivers/STM32F4xx_HAL_Driver/Src/stm32f4xx_hal_exti.o
LOAD Drivers/STM32F4xx_HAL_Driver/Src/stm32f4xx_hal_flash.o
LOAD Drivers/STM32F4xx_HAL_Driver/Src/stm32f4xx_hal_flash_ex.o
LOAD Drivers/STM32F4xx_HAL_Driver/Src/stm32f4xx_hal_flash_ramfunc.o
LOAD Drivers/STM32F4xx_HAL_Driver/Src/stm32f4xx_hal_gpio.o
LOAD Drivers/STM32F4xx_HAL_Driver/Src/stm32f4xx_hal_hcd.o
LOAD Drivers/STM32F4xx_HAL_Driver/Src/stm32f4xx_hal_i2c.o
LOAD Drivers/STM32F4xx_HAL_Driver/Src/stm32f4xx_hal_i2c_ex.o
LOAD Drivers/STM32F4xx_HAL_Driver/Src/stm32f4xx_hal_i2s.o
LOAD Drivers/STM32F4xx_HAL_Driver/Src/stm32f4xx_hal_i2s_ex.o
LOAD Drivers/STM32F4xx_HAL_Driver/Src/stm32f4xx_hal_pwr.o
LOAD Drivers/STM32F4xx_HAL_Driver/Src/stm32f4xx_hal_pwr_ex.o
LOAD Drivers/STM32F4xx_HAL_Driver/Src/stm32f4xx_hal_rcc.o
LOAD Drivers/STM32F4xx_HAL_Driver/Src/stm32f4xx_hal_rcc_ex.o
LOAD Drivers/STM32F4xx_HAL_Driver/Src/stm32f4xx_hal_spi.o
LOAD Drivers/STM32F4xx_HAL_Driver/Src/stm32f4xx_hal_tim.o
LOAD Drivers/STM32F4xx_HAL_Driver/Src/stm32f4xx_hal_tim_ex.o
LOAD Drivers/STM32F4xx_HAL_Driver/Src/stm32f4xx_ll_usb.o
LOAD Middlewares/ST/STM32_USB_Host_Library/Class/CDC/Src/usbh_cdc.o
LOAD Middlewares/ST/STM32_USB_Host_Library/Core/Src/usbh_core.o
LOAD Middlewares/ST/STM32_USB_Host_Library/Core/Src/usbh_ctlreq.o
LOAD Middlewares/ST/STM32_USB_Host_Library/Core/Src/usbh_ioreq.o
LOAD Middlewares/ST/STM32_USB_Host_Library/Core/Src/usbh_pipes.o
LOAD Src/main.o
LOAD Src/stm32f4xx_hal_msp.o
LOAD Src/stm32f4xx_it.o
LOAD Src/syscalls.o
LOAD Src/system_stm32f4xx.o
LOAD Src/usb_host.o
LOAD Src/usbh_conf.o
LOAD Src/usbh_platform.o
LOAD startup/startup_stm32f411xe.o
LOAD c:/ac6/systemworkbench/plugins/fr.ac6.mcu.externaltools.arm-none.win32_1.17.0.201812190825/tools/compiler/bin/../lib/gcc/arm-none-eabi/7.3.1/../../../../arm-none-eabi/lib/thumb/v7e-m/fpv4-sp/hard\libm.a
START GROUP
LOAD c:/ac6/systemworkbench/plugins/fr.ac6.mcu.externaltools.arm-none.win32_1.17.0.201812190825/tools/compiler/bin/../lib/gcc/arm-none-eabi/7.3.1/thumb/v7e-m/fpv4-sp/hard\libgcc.a
LOAD c:/ac6/systemworkbench/plugins/fr.ac6.mcu.externaltools.arm-none.win32_1.17.0.201812190825/tools/compiler/bin/../lib/gcc/arm-none-eabi/7.3.1/../../../../arm-none-eabi/lib/thumb/v7e-m/fpv4-sp/hard\libc_nano.a
END GROUP
START GROUP
LOAD c:/ac6/systemworkbench/plugins/fr.ac6.mcu.externaltools.arm-none.win32_1.17.0.201812190825/tools/compiler/bin/../lib/gcc/arm-none-eabi/7.3.1/thumb/v7e-m/fpv4-sp/hard\libgcc.a
LOAD c:/ac6/systemworkbench/plugins/fr.ac6.mcu.externaltools.arm-none.win32_1.17.0.201812190825/tools/compiler/bin/../lib/gcc/arm-none-eabi/7.3.1/../../../../arm-none-eabi/lib/thumb/v7e-m/fpv4-sp/hard\libc_nano.a
LOAD c:/ac6/systemworkbench/plugins/fr.ac6.mcu.externaltools.arm-none.win32_1.17.0.201812190825/tools/compiler/bin/../lib/gcc/arm-none-eabi/7.3.1/../../../../arm-none-eabi/lib/thumb/v7e-m/fpv4-sp/hard\libnosys.a
END GROUP
START GROUP
LOAD c:/ac6/systemworkbench/plugins/fr.ac6.mcu.externaltools.arm-none.win32_1.17.0.201812190825/tools/compiler/bin/../lib/gcc/arm-none-eabi/7.3.1/thumb/v7e-m/fpv4-sp/hard\libgcc.a
LOAD c:/ac6/systemworkbench/plugins/fr.ac6.mcu.externaltools.arm-none.win32_1.17.0.201812190825/tools/compiler/bin/../lib/gcc/arm-none-eabi/7.3.1/../../../../arm-none-eabi/lib/thumb/v7e-m/fpv4-sp/hard\libc_nano.a
LOAD c:/ac6/systemworkbench/plugins/fr.ac6.mcu.externaltools.arm-none.win32_1.17.0.201812190825/tools/compiler/bin/../lib/gcc/arm-none-eabi/7.3.1/../../../../arm-none-eabi/lib/thumb/v7e-m/fpv4-sp/hard\libnosys.a
END GROUP
LOAD c:/ac6/systemworkbench/plugins/fr.ac6.mcu.externaltools.arm-none.win32_1.17.0.201812190825/tools/compiler/bin/../lib/gcc/arm-none-eabi/7.3.1/thumb/v7e-m/fpv4-sp/hard/crtend.o
LOAD c:/ac6/systemworkbench/plugins/fr.ac6.mcu.externaltools.arm-none.win32_1.17.0.201812190825/tools/compiler/bin/../lib/gcc/arm-none-eabi/7.3.1/thumb/v7e-m/fpv4-sp/hard/crtn.o
                0x20020000                _estack = 0x20020000
                0x00000200                _Min_Heap_Size = 0x200
                0x00000400                _Min_Stack_Size = 0x400

.isr_vector     0x08000000      0x198
                0x08000000                . = ALIGN (0x4)
 *(.isr_vector)
 .isr_vector    0x08000000      0x198 startup/startup_stm32f411xe.o
                0x08000000                g_pfnVectors
                0x08000198                . = ALIGN (0x4)

.text           0x08000198     0x4c48
                0x08000198                . = ALIGN (0x4)
 *(.text)
 .text          0x08000198       0x40 c:/ac6/systemworkbench/plugins/fr.ac6.mcu.externaltools.arm-none.win32_1.17.0.201812190825/tools/compiler/bin/../lib/gcc/arm-none-eabi/7.3.1/thumb/v7e-m/fpv4-sp/hard/crtbegin.o
 .text          0x080001d8       0x30 c:/ac6/systemworkbench/plugins/fr.ac6.mcu.externaltools.arm-none.win32_1.17.0.201812190825/tools/compiler/bin/../lib/gcc/arm-none-eabi/7.3.1/thumb/v7e-m/fpv4-sp/hard\libgcc.a(_aeabi_uldivmod.o)
                0x080001d8                __aeabi_uldivmod
 .text          0x08000208      0x2cc c:/ac6/systemworkbench/plugins/fr.ac6.mcu.externaltools.arm-none.win32_1.17.0.201812190825/tools/compiler/bin/../lib/gcc/arm-none-eabi/7.3.1/thumb/v7e-m/fpv4-sp/hard\libgcc.a(_udivmoddi4.o)
                0x08000208                __udivmoddi4
 .text          0x080004d4        0x4 c:/ac6/systemworkbench/plugins/fr.ac6.mcu.externaltools.arm-none.win32_1.17.0.201812190825/tools/compiler/bin/../lib/gcc/arm-none-eabi/7.3.1/thumb/v7e-m/fpv4-sp/hard\libgcc.a(_dvmd_tls.o)
                0x080004d4                __aeabi_idiv0
                0x080004d4                __aeabi_ldiv0
 *(.text*)
 .text.HAL_InitTick
                0x080004d8       0x48 Drivers/STM32F4xx_HAL_Driver/Src/stm32f4xx_hal.o
                0x080004d8                HAL_InitTick
 .text.HAL_Init
                0x08000520       0x34 Drivers/STM32F4xx_HAL_Driver/Src/stm32f4xx_hal.o
                0x08000520                HAL_Init
 .text.HAL_IncTick
                0x08000554       0x18 Drivers/STM32F4xx_HAL_Driver/Src/stm32f4xx_hal.o
                0x08000554                HAL_IncTick
 .text.HAL_GetTick
                0x0800056c        0xc Drivers/STM32F4xx_HAL_Driver/Src/stm32f4xx_hal.o
                0x0800056c                HAL_GetTick
 .text.HAL_Delay
                0x08000578       0x28 Drivers/STM32F4xx_HAL_Driver/Src/stm32f4xx_hal.o
                0x08000578                HAL_Delay
 .text.ADC_Init
                0x080005a0      0x134 Drivers/STM32F4xx_HAL_Driver/Src/stm32f4xx_hal_adc.o
 .text.HAL_ADC_Init
                0x080006d4       0x56 Drivers/STM32F4xx_HAL_Driver/Src/stm32f4xx_hal_adc.o
                0x080006d4                HAL_ADC_Init
 *fill*         0x0800072a        0x2 
 .text.HAL_ADC_Start
                0x0800072c       0xf8 Drivers/STM32F4xx_HAL_Driver/Src/stm32f4xx_hal_adc.o
                0x0800072c                HAL_ADC_Start
 .text.HAL_ADC_Stop
                0x08000824       0x40 Drivers/STM32F4xx_HAL_Driver/Src/stm32f4xx_hal_adc.o
                0x08000824                HAL_ADC_Stop
 .text.HAL_ADC_PollForConversion
                0x08000864       0xb6 Drivers/STM32F4xx_HAL_Driver/Src/stm32f4xx_hal_adc.o
                0x08000864                HAL_ADC_PollForConversion
 .text.HAL_ADC_GetValue
                0x0800091a        0x6 Drivers/STM32F4xx_HAL_Driver/Src/stm32f4xx_hal_adc.o
                0x0800091a                HAL_ADC_GetValue
 .text.HAL_ADC_ConvCpltCallback
                0x08000920        0x2 Drivers/STM32F4xx_HAL_Driver/Src/stm32f4xx_hal_adc.o
                0x08000920                HAL_ADC_ConvCpltCallback
 .text.HAL_ADC_LevelOutOfWindowCallback
                0x08000922        0x2 Drivers/STM32F4xx_HAL_Driver/Src/stm32f4xx_hal_adc.o
                0x08000922                HAL_ADC_LevelOutOfWindowCallback
 .text.HAL_ADC_ErrorCallback
                0x08000924        0x2 Drivers/STM32F4xx_HAL_Driver/Src/stm32f4xx_hal_adc.o
                0x08000924                HAL_ADC_ErrorCallback
 .text.HAL_ADC_IRQHandler
                0x08000926      0x14e Drivers/STM32F4xx_HAL_Driver/Src/stm32f4xx_hal_adc.o
                0x08000926                HAL_ADC_IRQHandler
 .text.HAL_ADC_ConfigChannel
                0x08000a74      0x1a4 Drivers/STM32F4xx_HAL_Driver/Src/stm32f4xx_hal_adc.o
                0x08000a74                HAL_ADC_ConfigChannel
 .text.HAL_ADCEx_InjectedConvCpltCallback
                0x08000c18        0x2 Drivers/STM32F4xx_HAL_Driver/Src/stm32f4xx_hal_adc_ex.o
                0x08000c18                HAL_ADCEx_InjectedConvCpltCallback
 *fill*         0x08000c1a        0x2 
 .text.HAL_NVIC_SetPriorityGrouping
                0x08000c1c       0x24 Drivers/STM32F4xx_HAL_Driver/Src/stm32f4xx_hal_cortex.o
                0x08000c1c                HAL_NVIC_SetPriorityGrouping
 .text.HAL_NVIC_SetPriority
                0x08000c40       0x68 Drivers/STM32F4xx_HAL_Driver/Src/stm32f4xx_hal_cortex.o
                0x08000c40                HAL_NVIC_SetPriority
 .text.HAL_NVIC_EnableIRQ
                0x08000ca8       0x1c Drivers/STM32F4xx_HAL_Driver/Src/stm32f4xx_hal_cortex.o
                0x08000ca8                HAL_NVIC_EnableIRQ
 .text.HAL_SYSTICK_Config
                0x08000cc4       0x2c Drivers/STM32F4xx_HAL_Driver/Src/stm32f4xx_hal_cortex.o
                0x08000cc4                HAL_SYSTICK_Config
 .text.HAL_GPIO_Init
                0x08000cf0      0x1a4 Drivers/STM32F4xx_HAL_Driver/Src/stm32f4xx_hal_gpio.o
                0x08000cf0                HAL_GPIO_Init
 .text.HAL_GPIO_WritePin
                0x08000e94        0xc Drivers/STM32F4xx_HAL_Driver/Src/stm32f4xx_hal_gpio.o
                0x08000e94                HAL_GPIO_WritePin
 .text.HCD_RXQLVL_IRQHandler
                0x08000ea0       0x7c Drivers/STM32F4xx_HAL_Driver/Src/stm32f4xx_hal_hcd.o
 .text.HAL_HCD_HC_Init
                0x08000f1c       0xa0 Drivers/STM32F4xx_HAL_Driver/Src/stm32f4xx_hal_hcd.o
                0x08000f1c                HAL_HCD_HC_Init
 .text.HAL_HCD_HC_Halt
                0x08000fbc       0x24 Drivers/STM32F4xx_HAL_Driver/Src/stm32f4xx_hal_hcd.o
                0x08000fbc                HAL_HCD_HC_Halt
 .text.HAL_HCD_Init
                0x08000fe0       0x94 Drivers/STM32F4xx_HAL_Driver/Src/stm32f4xx_hal_hcd.o
                0x08000fe0                HAL_HCD_Init
 .text.HAL_HCD_HC_SubmitRequest
                0x08001074      0x18e Drivers/STM32F4xx_HAL_Driver/Src/stm32f4xx_hal_hcd.o
                0x08001074                HAL_HCD_HC_SubmitRequest
 .text.HCD_Port_IRQHandler
                0x08001202       0xd4 Drivers/STM32F4xx_HAL_Driver/Src/stm32f4xx_hal_hcd.o
 .text.HCD_HC_IN_IRQHandler
                0x080012d6      0x2bc Drivers/STM32F4xx_HAL_Driver/Src/stm32f4xx_hal_hcd.o
 .text.HCD_HC_OUT_IRQHandler
                0x08001592      0x2b4 Drivers/STM32F4xx_HAL_Driver/Src/stm32f4xx_hal_hcd.o
 .text.HAL_HCD_IRQHandler
                0x08001846      0x148 Drivers/STM32F4xx_HAL_Driver/Src/stm32f4xx_hal_hcd.o
                0x08001846                HAL_HCD_IRQHandler
 .text.HAL_HCD_Start
                0x0800198e       0x2c Drivers/STM32F4xx_HAL_Driver/Src/stm32f4xx_hal_hcd.o
                0x0800198e                HAL_HCD_Start
 .text.HAL_HCD_Stop
                0x080019ba       0x24 Drivers/STM32F4xx_HAL_Driver/Src/stm32f4xx_hal_hcd.o
                0x080019ba                HAL_HCD_Stop
 .text.HAL_HCD_ResetPort
                0x080019de        0xa Drivers/STM32F4xx_HAL_Driver/Src/stm32f4xx_hal_hcd.o
                0x080019de                HAL_HCD_ResetPort
 .text.HAL_HCD_HC_GetURBState
                0x080019e8        0xe Drivers/STM32F4xx_HAL_Driver/Src/stm32f4xx_hal_hcd.o
                0x080019e8                HAL_HCD_HC_GetURBState
 .text.HAL_HCD_HC_GetXferCount
                0x080019f6        0xc Drivers/STM32F4xx_HAL_Driver/Src/stm32f4xx_hal_hcd.o
                0x080019f6                HAL_HCD_HC_GetXferCount
 .text.HAL_HCD_GetCurrentFrame
                0x08001a02        0xa Drivers/STM32F4xx_HAL_Driver/Src/stm32f4xx_hal_hcd.o
                0x08001a02                HAL_HCD_GetCurrentFrame
 .text.HAL_HCD_GetCurrentSpeed
                0x08001a0c        0xa Drivers/STM32F4xx_HAL_Driver/Src/stm32f4xx_hal_hcd.o
                0x08001a0c                HAL_HCD_GetCurrentSpeed
 *fill*         0x08001a16        0x2 
 .text.HAL_I2C_Init
                0x08001a18      0x1b4 Drivers/STM32F4xx_HAL_Driver/Src/stm32f4xx_hal_i2c.o
                0x08001a18                HAL_I2C_Init
 .text.HAL_I2S_Init
                0x08001bcc      0x19c Drivers/STM32F4xx_HAL_Driver/Src/stm32f4xx_hal_i2s.o
                0x08001bcc                HAL_I2S_Init
 .text.HAL_I2S_TxCpltCallback
                0x08001d68        0x2 Drivers/STM32F4xx_HAL_Driver/Src/stm32f4xx_hal_i2s.o
                0x08001d68                HAL_I2S_TxCpltCallback
 .text.I2S_Transmit_IT
                0x08001d6a       0x36 Drivers/STM32F4xx_HAL_Driver/Src/stm32f4xx_hal_i2s.o
 .text.HAL_I2S_RxCpltCallback
                0x08001da0        0x2 Drivers/STM32F4xx_HAL_Driver/Src/stm32f4xx_hal_i2s.o
                0x08001da0                HAL_I2S_RxCpltCallback
 .text.I2S_Receive_IT
                0x08001da2       0x36 Drivers/STM32F4xx_HAL_Driver/Src/stm32f4xx_hal_i2s.o
 .text.HAL_I2S_ErrorCallback
                0x08001dd8        0x2 Drivers/STM32F4xx_HAL_Driver/Src/stm32f4xx_hal_i2s.o
                0x08001dd8                HAL_I2S_ErrorCallback
 .text.I2S_IRQHandler
                0x08001dda       0xd0 Drivers/STM32F4xx_HAL_Driver/Src/stm32f4xx_hal_i2s.o
 .text.HAL_I2SEx_TxRxCpltCallback
                0x08001eaa        0x2 Drivers/STM32F4xx_HAL_Driver/Src/stm32f4xx_hal_i2s_ex.o
                0x08001eaa                HAL_I2SEx_TxRxCpltCallback
 .text.I2SEx_TxISR_I2S
                0x08001eac       0x3a Drivers/STM32F4xx_HAL_Driver/Src/stm32f4xx_hal_i2s_ex.o
 *fill*         0x08001ee6        0x2 
 .text.I2SEx_RxISR_I2SExt
                0x08001ee8       0x60 Drivers/STM32F4xx_HAL_Driver/Src/stm32f4xx_hal_i2s_ex.o
 .text.I2SEx_TxISR_I2SExt
                0x08001f48       0x60 Drivers/STM32F4xx_HAL_Driver/Src/stm32f4xx_hal_i2s_ex.o
 .text.I2SEx_RxISR_I2S
                0x08001fa8       0x3a Drivers/STM32F4xx_HAL_Driver/Src/stm32f4xx_hal_i2s_ex.o
 *fill*         0x08001fe2        0x2 
 .text.HAL_I2SEx_FullDuplex_IRQHandler
                0x08001fe4      0x1d8 Drivers/STM32F4xx_HAL_Driver/Src/stm32f4xx_hal_i2s_ex.o
                0x08001fe4                HAL_I2SEx_FullDuplex_IRQHandler
 .text.HAL_RCC_OscConfig
                0x080021bc      0x3ec Drivers/STM32F4xx_HAL_Driver/Src/stm32f4xx_hal_rcc.o
                0x080021bc                HAL_RCC_OscConfig
 .text.HAL_RCC_GetSysClockFreq
                0x080025a8       0xd8 Drivers/STM32F4xx_HAL_Driver/Src/stm32f4xx_hal_rcc.o
                0x080025a8                HAL_RCC_GetSysClockFreq
 .text.HAL_RCC_ClockConfig
                0x08002680      0x160 Drivers/STM32F4xx_HAL_Driver/Src/stm32f4xx_hal_rcc.o
                0x08002680                HAL_RCC_ClockConfig
 .text.HAL_RCC_GetHCLKFreq
                0x080027e0        0xc Drivers/STM32F4xx_HAL_Driver/Src/stm32f4xx_hal_rcc.o
                0x080027e0                HAL_RCC_GetHCLKFreq
 .text.HAL_RCC_GetPCLK1Freq
                0x080027ec       0x20 Drivers/STM32F4xx_HAL_Driver/Src/stm32f4xx_hal_rcc.o
                0x080027ec                HAL_RCC_GetPCLK1Freq
 .text.HAL_RCCEx_PeriphCLKConfig
                0x0800280c      0x170 Drivers/STM32F4xx_HAL_Driver/Src/stm32f4xx_hal_rcc_ex.o
                0x0800280c                HAL_RCCEx_PeriphCLKConfig
 .text.HAL_RCCEx_GetPeriphCLKFreq
                0x0800297c       0x78 Drivers/STM32F4xx_HAL_Driver/Src/stm32f4xx_hal_rcc_ex.o
                0x0800297c                HAL_RCCEx_GetPeriphCLKFreq
 .text.HAL_SPI_Init
                0x080029f4       0x80 Drivers/STM32F4xx_HAL_Driver/Src/stm32f4xx_hal_spi.o
                0x080029f4                HAL_SPI_Init
 .text.USB_CoreReset
                0x08002a74       0x3c Drivers/STM32F4xx_HAL_Driver/Src/stm32f4xx_ll_usb.o
 .text.USB_CoreInit
                0x08002ab0       0x8a Drivers/STM32F4xx_HAL_Driver/Src/stm32f4xx_ll_usb.o
                0x08002ab0                USB_CoreInit
 .text.USB_EnableGlobalInt
                0x08002b3a        0xc Drivers/STM32F4xx_HAL_Driver/Src/stm32f4xx_ll_usb.o
                0x08002b3a                USB_EnableGlobalInt
 .text.USB_DisableGlobalInt
                0x08002b46        0xc Drivers/STM32F4xx_HAL_Driver/Src/stm32f4xx_ll_usb.o
                0x08002b46                USB_DisableGlobalInt
 .text.USB_SetCurrentMode
                0x08002b52       0x30 Drivers/STM32F4xx_HAL_Driver/Src/stm32f4xx_ll_usb.o
                0x08002b52                USB_SetCurrentMode
 *fill*         0x08002b82        0x2 
 .text.USB_FlushTxFifo
                0x08002b84       0x28 Drivers/STM32F4xx_HAL_Driver/Src/stm32f4xx_ll_usb.o
                0x08002b84                USB_FlushTxFifo
 .text.USB_FlushRxFifo
                0x08002bac       0x24 Drivers/STM32F4xx_HAL_Driver/Src/stm32f4xx_ll_usb.o
                0x08002bac                USB_FlushRxFifo
 .text.USB_WritePacket
                0x08002bd0       0x28 Drivers/STM32F4xx_HAL_Driver/Src/stm32f4xx_ll_usb.o
                0x08002bd0                USB_WritePacket
 .text.USB_ReadPacket
                0x08002bf8       0x28 Drivers/STM32F4xx_HAL_Driver/Src/stm32f4xx_ll_usb.o
                0x08002bf8                USB_ReadPacket
 .text.USB_ReadInterrupts
                0x08002c20        0x8 Drivers/STM32F4xx_HAL_Driver/Src/stm32f4xx_ll_usb.o
                0x08002c20                USB_ReadInterrupts
 .text.USB_GetMode
                0x08002c28        0x8 Drivers/STM32F4xx_HAL_Driver/Src/stm32f4xx_ll_usb.o
                0x08002c28                USB_GetMode
 .text.USB_InitFSLSPClkSel
                0x08002c30       0x40 Drivers/STM32F4xx_HAL_Driver/Src/stm32f4xx_ll_usb.o
                0x08002c30                USB_InitFSLSPClkSel
 .text.USB_ResetPort
                0x08002c70       0x3e Drivers/STM32F4xx_HAL_Driver/Src/stm32f4xx_ll_usb.o
                0x08002c70                USB_ResetPort
 .text.USB_DriveVbus
                0x08002cae       0x46 Drivers/STM32F4xx_HAL_Driver/Src/stm32f4xx_ll_usb.o
                0x08002cae                USB_DriveVbus
 .text.USB_HostInit
                0x08002cf4       0xfc Drivers/STM32F4xx_HAL_Driver/Src/stm32f4xx_ll_usb.o
                0x08002cf4                USB_HostInit
 .text.USB_GetHostSpeed
                0x08002df0       0x16 Drivers/STM32F4xx_HAL_Driver/Src/stm32f4xx_ll_usb.o
                0x08002df0                USB_GetHostSpeed
 .text.USB_GetCurrentFrame
                0x08002e06        0xa Drivers/STM32F4xx_HAL_Driver/Src/stm32f4xx_ll_usb.o
                0x08002e06                USB_GetCurrentFrame
 .text.USB_HC_Init
                0x08002e10      0x108 Drivers/STM32F4xx_HAL_Driver/Src/stm32f4xx_ll_usb.o
                0x08002e10                USB_HC_Init
 .text.USB_HC_ReadInterrupt
                0x08002f18        0xa Drivers/STM32F4xx_HAL_Driver/Src/stm32f4xx_ll_usb.o
                0x08002f18                USB_HC_ReadInterrupt
 .text.USB_HC_Halt
                0x08002f22       0xd0 Drivers/STM32F4xx_HAL_Driver/Src/stm32f4xx_ll_usb.o
                0x08002f22                USB_HC_Halt
 *fill*         0x08002ff2        0x2 
 .text.USB_DoPing
                0x08002ff4       0x24 Drivers/STM32F4xx_HAL_Driver/Src/stm32f4xx_ll_usb.o
                0x08002ff4                USB_DoPing
 .text.USB_HC_StartXfer
                0x08003018      0x158 Drivers/STM32F4xx_HAL_Driver/Src/stm32f4xx_ll_usb.o
                0x08003018                USB_HC_StartXfer
 .text.USB_StopHost
                0x08003170       0x7e Drivers/STM32F4xx_HAL_Driver/Src/stm32f4xx_ll_usb.o
                0x08003170                USB_StopHost
 .text.USBH_CDC_SOFProcess
                0x080031ee        0x4 Middlewares/ST/STM32_USB_Host_Library/Class/CDC/Src/usbh_cdc.o
 .text.SetLineCoding
                0x080031f2       0x1a Middlewares/ST/STM32_USB_Host_Library/Class/CDC/Src/usbh_cdc.o
 .text.GetLineCoding
                0x0800320c       0x1a Middlewares/ST/STM32_USB_Host_Library/Class/CDC/Src/usbh_cdc.o
 .text.USBH_CDC_ClassRequest
                0x08003226       0x22 Middlewares/ST/STM32_USB_Host_Library/Class/CDC/Src/usbh_cdc.o
 .text.USBH_CDC_InterfaceDeInit
                0x08003248       0x68 Middlewares/ST/STM32_USB_Host_Library/Class/CDC/Src/usbh_cdc.o
 .text.USBH_CDC_InterfaceInit
                0x080032b0      0x160 Middlewares/ST/STM32_USB_Host_Library/Class/CDC/Src/usbh_cdc.o
 .text.USBH_CDC_TransmitCallback
                0x08003410        0x2 Middlewares/ST/STM32_USB_Host_Library/Class/CDC/Src/usbh_cdc.o
                0x08003410                USBH_CDC_TransmitCallback
 .text.CDC_ProcessTransmission
                0x08003412       0x94 Middlewares/ST/STM32_USB_Host_Library/Class/CDC/Src/usbh_cdc.o
 .text.USBH_CDC_ReceiveCallback
                0x080034a6        0x2 Middlewares/ST/STM32_USB_Host_Library/Class/CDC/Src/usbh_cdc.o
                0x080034a6                USBH_CDC_ReceiveCallback
 .text.CDC_ProcessReception
                0x080034a8       0x68 Middlewares/ST/STM32_USB_Host_Library/Class/CDC/Src/usbh_cdc.o
 .text.USBH_CDC_LineCodingChanged
                0x08003510        0x2 Middlewares/ST/STM32_USB_Host_Library/Class/CDC/Src/usbh_cdc.o
                0x08003510                USBH_CDC_LineCodingChanged
 .text.USBH_CDC_Process
                0x08003512       0xb8 Middlewares/ST/STM32_USB_Host_Library/Class/CDC/Src/usbh_cdc.o
 .text.DeInitStateMachine
                0x080035ca       0x4a Middlewares/ST/STM32_USB_Host_Library/Core/Src/usbh_core.o
 .text.USBH_HandleSof
                0x08003614       0x1a Middlewares/ST/STM32_USB_Host_Library/Core/Src/usbh_core.o
 .text.USBH_HandleEnum
                0x0800362e      0x16e Middlewares/ST/STM32_USB_Host_Library/Core/Src/usbh_core.o
 .text.USBH_Init
                0x0800379c       0x2e Middlewares/ST/STM32_USB_Host_Library/Core/Src/usbh_core.o
                0x0800379c                USBH_Init
 .text.USBH_RegisterClass
                0x080037ca       0x24 Middlewares/ST/STM32_USB_Host_Library/Core/Src/usbh_core.o
                0x080037ca                USBH_RegisterClass
 .text.USBH_SelectInterface
                0x080037ee       0x14 Middlewares/ST/STM32_USB_Host_Library/Core/Src/usbh_core.o
                0x080037ee                USBH_SelectInterface
 .text.USBH_FindInterface
                0x08003802       0x50 Middlewares/ST/STM32_USB_Host_Library/Core/Src/usbh_core.o
                0x08003802                USBH_FindInterface
 .text.USBH_Start
                0x08003852       0x14 Middlewares/ST/STM32_USB_Host_Library/Core/Src/usbh_core.o
                0x08003852                USBH_Start
 .text.USBH_LL_SetTimer
                0x08003866        0x6 Middlewares/ST/STM32_USB_Host_Library/Core/Src/usbh_core.o
                0x08003866                USBH_LL_SetTimer
 .text.USBH_LL_IncTimer
                0x0800386c       0x12 Middlewares/ST/STM32_USB_Host_Library/Core/Src/usbh_core.o
                0x0800386c                USBH_LL_IncTimer
 .text.USBH_LL_PortEnabled
                0x0800387e        0x8 Middlewares/ST/STM32_USB_Host_Library/Core/Src/usbh_core.o
                0x0800387e                USBH_LL_PortEnabled
 .text.USBH_LL_PortDisabled
                0x08003886        0x8 Middlewares/ST/STM32_USB_Host_Library/Core/Src/usbh_core.o
                0x08003886                USBH_LL_PortDisabled
 .text.USBH_IsPortEnabled
                0x0800388e        0x6 Middlewares/ST/STM32_USB_Host_Library/Core/Src/usbh_core.o
                0x0800388e                USBH_IsPortEnabled
 .text.USBH_Process
                0x08003894      0x1ec Middlewares/ST/STM32_USB_Host_Library/Core/Src/usbh_core.o
                0x08003894                USBH_Process
 .text.USBH_LL_Connect
                0x08003a80       0x28 Middlewares/ST/STM32_USB_Host_Library/Core/Src/usbh_core.o
                0x08003a80                USBH_LL_Connect
 .text.USBH_LL_Disconnect
                0x08003aa8       0x38 Middlewares/ST/STM32_USB_Host_Library/Core/Src/usbh_core.o
                0x08003aa8                USBH_LL_Disconnect
 .text.USBH_ParseDevDesc
                0x08003ae0       0x5c Middlewares/ST/STM32_USB_Host_Library/Core/Src/usbh_ctlreq.o
 .text.USBH_ParseInterfaceDesc
                0x08003b3c       0x26 Middlewares/ST/STM32_USB_Host_Library/Core/Src/usbh_ctlreq.o
 .text.USBH_ParseEPDesc
                0x08003b62       0x20 Middlewares/ST/STM32_USB_Host_Library/Core/Src/usbh_ctlreq.o
 .text.USBH_ParseStringDesc
                0x08003b82       0x3c Middlewares/ST/STM32_USB_Host_Library/Core/Src/usbh_ctlreq.o
 .text.USBH_HandleControl
                0x08003bbe      0x1d0 Middlewares/ST/STM32_USB_Host_Library/Core/Src/usbh_ctlreq.o
 .text.USBH_GetNextDesc
                0x08003d8e        0xe Middlewares/ST/STM32_USB_Host_Library/Core/Src/usbh_ctlreq.o
                0x08003d8e                USBH_GetNextDesc
 .text.USBH_ParseCfgDesc
                0x08003d9c       0xc2 Middlewares/ST/STM32_USB_Host_Library/Core/Src/usbh_ctlreq.o
 .text.USBH_CtlReq
                0x08003e5e       0x4e Middlewares/ST/STM32_USB_Host_Library/Core/Src/usbh_ctlreq.o
                0x08003e5e                USBH_CtlReq
 .text.USBH_GetDescriptor
                0x08003eac       0x3c Middlewares/ST/STM32_USB_Host_Library/Core/Src/usbh_ctlreq.o
                0x08003eac                USBH_GetDescriptor
 .text.USBH_Get_DevDesc
                0x08003ee8       0x32 Middlewares/ST/STM32_USB_Host_Library/Core/Src/usbh_ctlreq.o
                0x08003ee8                USBH_Get_DevDesc
 .text.USBH_Get_CfgDesc
                0x08003f1a       0x32 Middlewares/ST/STM32_USB_Host_Library/Core/Src/usbh_ctlreq.o
                0x08003f1a                USBH_Get_CfgDesc
 .text.USBH_Get_StringDesc
                0x08003f4c       0x30 Middlewares/ST/STM32_USB_Host_Library/Core/Src/usbh_ctlreq.o
                0x08003f4c                USBH_Get_StringDesc
 .text.USBH_SetAddress
                0x08003f7c       0x22 Middlewares/ST/STM32_USB_Host_Library/Core/Src/usbh_ctlreq.o
                0x08003f7c                USBH_SetAddress
 .text.USBH_SetCfg
                0x08003f9e       0x22 Middlewares/ST/STM32_USB_Host_Library/Core/Src/usbh_ctlreq.o
                0x08003f9e                USBH_SetCfg
 .text.USBH_SetFeature
                0x08003fc0       0x22 Middlewares/ST/STM32_USB_Host_Library/Core/Src/usbh_ctlreq.o
                0x08003fc0                USBH_SetFeature
 .text.USBH_ClrFeature
                0x08003fe2       0x24 Middlewares/ST/STM32_USB_Host_Library/Core/Src/usbh_ctlreq.o
                0x08003fe2                USBH_ClrFeature
 .text.USBH_CtlSendSetup
                0x08004006       0x22 Middlewares/ST/STM32_USB_Host_Library/Core/Src/usbh_ioreq.o
                0x08004006                USBH_CtlSendSetup
 .text.USBH_CtlSendData
                0x08004028       0x2c Middlewares/ST/STM32_USB_Host_Library/Core/Src/usbh_ioreq.o
                0x08004028                USBH_CtlSendData
 .text.USBH_CtlReceiveData
                0x08004054       0x20 Middlewares/ST/STM32_USB_Host_Library/Core/Src/usbh_ioreq.o
                0x08004054                USBH_CtlReceiveData
 .text.USBH_BulkSendData
                0x08004074       0x2c Middlewares/ST/STM32_USB_Host_Library/Core/Src/usbh_ioreq.o
                0x08004074                USBH_BulkSendData
 .text.USBH_BulkReceiveData
                0x080040a0       0x20 Middlewares/ST/STM32_USB_Host_Library/Core/Src/usbh_ioreq.o
                0x080040a0                USBH_BulkReceiveData
 .text.USBH_GetFreePipe
                0x080040c0       0x24 Middlewares/ST/STM32_USB_Host_Library/Core/Src/usbh_pipes.o
 .text.USBH_OpenPipe
                0x080040e4       0x20 Middlewares/ST/STM32_USB_Host_Library/Core/Src/usbh_pipes.o
                0x080040e4                USBH_OpenPipe
 .text.USBH_ClosePipe
                0x08004104        0xa Middlewares/ST/STM32_USB_Host_Library/Core/Src/usbh_pipes.o
                0x08004104                USBH_ClosePipe
 .text.USBH_AllocPipe
                0x0800410e       0x22 Middlewares/ST/STM32_USB_Host_Library/Core/Src/usbh_pipes.o
                0x0800410e                USBH_AllocPipe
 .text.USBH_FreePipe
                0x08004130       0x16 Middlewares/ST/STM32_USB_Host_Library/Core/Src/usbh_pipes.o
                0x08004130                USBH_FreePipe
 *fill*         0x08004146        0x2 
 .text.MX_GPIO_Init
                0x08004148      0x164 Src/main.o
 .text.MX_ADC1_Init
                0x080042ac       0x5c Src/main.o
 .text.MX_I2C1_Init
                0x08004308       0x34 Src/main.o
 .text.MX_I2S2_Init
                0x0800433c       0x34 Src/main.o
 .text.MX_I2S3_Init
                0x08004370       0x34 Src/main.o
 .text.MX_SPI1_Init
                0x080043a4       0x38 Src/main.o
 .text.water.8180
                0x080043dc       0x2c Src/main.o
 .text.SystemClock_Config
                0x08004408       0xb0 Src/main.o
                0x08004408                SystemClock_Config
 .text.main     0x080044b8       0x84 Src/main.o
                0x080044b8                main
 .text.Error_Handler
                0x0800453c        0x2 Src/main.o
                0x0800453c                Error_Handler
 *fill*         0x0800453e        0x2 
 .text.HAL_MspInit
                0x08004540       0x38 Src/stm32f4xx_hal_msp.o
                0x08004540                HAL_MspInit
 .text.HAL_ADC_MspInit
                0x08004578       0x78 Src/stm32f4xx_hal_msp.o
                0x08004578                HAL_ADC_MspInit
 .text.HAL_I2C_MspInit
                0x080045f0       0x70 Src/stm32f4xx_hal_msp.o
                0x080045f0                HAL_I2C_MspInit
 .text.HAL_I2S_MspInit
                0x08004660      0x12c Src/stm32f4xx_hal_msp.o
                0x08004660                HAL_I2S_MspInit
 .text.HAL_SPI_MspInit
                0x0800478c       0x70 Src/stm32f4xx_hal_msp.o
                0x0800478c                HAL_SPI_MspInit
 .text.NMI_Handler
                0x080047fc        0x2 Src/stm32f4xx_it.o
                0x080047fc                NMI_Handler
 .text.HardFault_Handler
                0x080047fe        0x2 Src/stm32f4xx_it.o
                0x080047fe                HardFault_Handler
 .text.MemManage_Handler
                0x08004800        0x2 Src/stm32f4xx_it.o
                0x08004800                MemManage_Handler
 .text.BusFault_Handler
                0x08004802        0x2 Src/stm32f4xx_it.o
                0x08004802                BusFault_Handler
 .text.UsageFault_Handler
                0x08004804        0x2 Src/stm32f4xx_it.o
                0x08004804                UsageFault_Handler
 .text.SVC_Handler
                0x08004806        0x2 Src/stm32f4xx_it.o
                0x08004806                SVC_Handler
 .text.DebugMon_Handler
                0x08004808        0x2 Src/stm32f4xx_it.o
                0x08004808                DebugMon_Handler
 .text.PendSV_Handler
                0x0800480a        0x2 Src/stm32f4xx_it.o
                0x0800480a                PendSV_Handler
 .text.SysTick_Handler
                0x0800480c        0x8 Src/stm32f4xx_it.o
                0x0800480c                SysTick_Handler
 .text.ADC_IRQHandler
                0x08004814       0x10 Src/stm32f4xx_it.o
                0x08004814                ADC_IRQHandler
 .text.OTG_FS_IRQHandler
                0x08004824       0x10 Src/stm32f4xx_it.o
                0x08004824                OTG_FS_IRQHandler
 .text._sbrk    0x08004834       0x3c Src/syscalls.o
                0x08004834                _sbrk
 .text.SystemInit
                0x08004870       0x1c Src/system_stm32f4xx.o
                0x08004870                SystemInit
 .text.USBH_UserProcess
                0x0800488c       0x2c Src/usb_host.o
 .text.MX_USB_HOST_Init
                0x080048b8       0x40 Src/usb_host.o
                0x080048b8                MX_USB_HOST_Init
 .text.MX_USB_HOST_Process
                0x080048f8       0x10 Src/usb_host.o
                0x080048f8                MX_USB_HOST_Process
 .text.HAL_HCD_MspInit
                0x08004908       0x9c Src/usbh_conf.o
                0x08004908                HAL_HCD_MspInit
 .text.HAL_HCD_SOF_Callback
                0x080049a4        0xc Src/usbh_conf.o
                0x080049a4                HAL_HCD_SOF_Callback
 .text.HAL_HCD_Connect_Callback
                0x080049b0        0xc Src/usbh_conf.o
                0x080049b0                HAL_HCD_Connect_Callback
 .text.HAL_HCD_Disconnect_Callback
                0x080049bc        0xc Src/usbh_conf.o
                0x080049bc                HAL_HCD_Disconnect_Callback
 .text.HAL_HCD_HC_NotifyURBChange_Callback
                0x080049c8        0x2 Src/usbh_conf.o
                0x080049c8                HAL_HCD_HC_NotifyURBChange_Callback
 .text.HAL_HCD_PortEnabled_Callback
                0x080049ca        0xc Src/usbh_conf.o
                0x080049ca                HAL_HCD_PortEnabled_Callback
 .text.HAL_HCD_PortDisabled_Callback
                0x080049d6        0xc Src/usbh_conf.o
                0x080049d6                HAL_HCD_PortDisabled_Callback
 *fill*         0x080049e2        0x2 
 .text.USBH_LL_Init
                0x080049e4       0x54 Src/usbh_conf.o
                0x080049e4                USBH_LL_Init
 .text.USBH_LL_GetSpeed
                0x08004a38       0x1c Src/usbh_conf.o
                0x08004a38                USBH_LL_GetSpeed
 .text.USBH_LL_GetLastXferSize
                0x08004a54        0xc Src/usbh_conf.o
                0x08004a54                USBH_LL_GetLastXferSize
 .text.USBH_LL_GetURBState
                0x08004a60        0xc Src/usbh_conf.o
                0x08004a60                USBH_LL_GetURBState
 .text.USBH_LL_DriverVBUS
                0x08004a6c       0x1c Src/usbh_conf.o
                0x08004a6c                USBH_LL_DriverVBUS
 .text.USBH_LL_SetToggle
                0x08004a88       0x32 Src/usbh_conf.o
                0x08004a88                USBH_LL_SetToggle
 .text.USBH_Delay
                0x08004aba        0x8 Src/usbh_conf.o
                0x08004aba                USBH_Delay
 .text.USBH_Get_USB_Status
                0x08004ac2       0x12 Src/usbh_conf.o
                0x08004ac2                USBH_Get_USB_Status
 .text.USBH_LL_Start
                0x08004ad4       0x10 Src/usbh_conf.o
                0x08004ad4                USBH_LL_Start
 .text.USBH_LL_Stop
                0x08004ae4       0x10 Src/usbh_conf.o
                0x08004ae4                USBH_LL_Stop
 .text.USBH_LL_ResetPort
                0x08004af4       0x10 Src/usbh_conf.o
                0x08004af4                USBH_LL_ResetPort
 .text.USBH_LL_OpenPipe
                0x08004b04       0x26 Src/usbh_conf.o
                0x08004b04                USBH_LL_OpenPipe
 .text.USBH_LL_ClosePipe
                0x08004b2a       0x10 Src/usbh_conf.o
                0x08004b2a                USBH_LL_ClosePipe
 .text.USBH_LL_SubmitURB
                0x08004b3a       0x2a Src/usbh_conf.o
                0x08004b3a                USBH_LL_SubmitURB
 .text.MX_DriverVbusFS
                0x08004b64       0x18 Src/usbh_platform.o
                0x08004b64                MX_DriverVbusFS
 .text.Reset_Handler
                0x08004b7c       0x50 startup/startup_stm32f411xe.o
                0x08004b7c                Reset_Handler
 .text.Default_Handler
                0x08004bcc        0x2 startup/startup_stm32f411xe.o
                0x08004bcc                RTC_Alarm_IRQHandler
                0x08004bcc                EXTI2_IRQHandler
                0x08004bcc                SPI4_IRQHandler
                0x08004bcc                TIM1_CC_IRQHandler
                0x08004bcc                DMA2_Stream5_IRQHandler
                0x08004bcc                DMA1_Stream5_IRQHandler
                0x08004bcc                PVD_IRQHandler
                0x08004bcc                SDIO_IRQHandler
                0x08004bcc                TAMP_STAMP_IRQHandler
                0x08004bcc                EXTI3_IRQHandler
                0x08004bcc                TIM1_UP_TIM10_IRQHandler
                0x08004bcc                I2C3_ER_IRQHandler
                0x08004bcc                EXTI0_IRQHandler
                0x08004bcc                I2C2_EV_IRQHandler
                0x08004bcc                DMA1_Stream2_IRQHandler
                0x08004bcc                FPU_IRQHandler
                0x08004bcc                DMA2_Stream2_IRQHandler
                0x08004bcc                SPI1_IRQHandler
                0x08004bcc                TIM1_BRK_TIM9_IRQHandler
                0x08004bcc                DMA2_Stream3_IRQHandler
                0x08004bcc                USART6_IRQHandler
                0x08004bcc                DMA2_Stream0_IRQHandler
                0x08004bcc                TIM4_IRQHandler
                0x08004bcc                I2C1_EV_IRQHandler
                0x08004bcc                DMA1_Stream6_IRQHandler
                0x08004bcc                DMA1_Stream1_IRQHandler
                0x08004bcc                TIM3_IRQHandler
                0x08004bcc                RCC_IRQHandler
                0x08004bcc                Default_Handler
                0x08004bcc                EXTI15_10_IRQHandler
                0x08004bcc                DMA1_Stream7_IRQHandler
                0x08004bcc                SPI5_IRQHandler
                0x08004bcc                TIM5_IRQHandler
                0x08004bcc                DMA2_Stream7_IRQHandler
                0x08004bcc                I2C3_EV_IRQHandler
                0x08004bcc                EXTI9_5_IRQHandler
                0x08004bcc                RTC_WKUP_IRQHandler
                0x08004bcc                SPI2_IRQHandler
                0x08004bcc                DMA1_Stream0_IRQHandler
                0x08004bcc                EXTI4_IRQHandler
                0x08004bcc                WWDG_IRQHandler
                0x08004bcc                TIM2_IRQHandler
                0x08004bcc                OTG_FS_WKUP_IRQHandler
                0x08004bcc                TIM1_TRG_COM_TIM11_IRQHandler
                0x08004bcc                EXTI1_IRQHandler
                0x08004bcc                USART2_IRQHandler
                0x08004bcc                I2C2_ER_IRQHandler
                0x08004bcc                DMA2_Stream1_IRQHandler
                0x08004bcc                FLASH_IRQHandler
                0x08004bcc                DMA2_Stream4_IRQHandler
                0x08004bcc                USART1_IRQHandler
                0x08004bcc                SPI3_IRQHandler
                0x08004bcc                DMA1_Stream4_IRQHandler
                0x08004bcc                I2C1_ER_IRQHandler
                0x08004bcc                DMA2_Stream6_IRQHandler
                0x08004bcc                DMA1_Stream3_IRQHandler
 *fill*         0x08004bce        0x2 
 .text.__errno  0x08004bd0        0xc c:/ac6/systemworkbench/plugins/fr.ac6.mcu.externaltools.arm-none.win32_1.17.0.201812190825/tools/compiler/bin/../lib/gcc/arm-none-eabi/7.3.1/../../../../arm-none-eabi/lib/thumb/v7e-m/fpv4-sp/hard\libc_nano.a(lib_a-errno.o)
                0x08004bd0                __errno
 .text.__libc_init_array
                0x08004bdc       0x48 c:/ac6/systemworkbench/plugins/fr.ac6.mcu.externaltools.arm-none.win32_1.17.0.201812190825/tools/compiler/bin/../lib/gcc/arm-none-eabi/7.3.1/../../../../arm-none-eabi/lib/thumb/v7e-m/fpv4-sp/hard\libc_nano.a(lib_a-init.o)
                0x08004bdc                __libc_init_array
 .text.malloc   0x08004c24       0x10 c:/ac6/systemworkbench/plugins/fr.ac6.mcu.externaltools.arm-none.win32_1.17.0.201812190825/tools/compiler/bin/../lib/gcc/arm-none-eabi/7.3.1/../../../../arm-none-eabi/lib/thumb/v7e-m/fpv4-sp/hard\libc_nano.a(lib_a-malloc.o)
                0x08004c24                malloc
 .text.free     0x08004c34       0x10 c:/ac6/systemworkbench/plugins/fr.ac6.mcu.externaltools.arm-none.win32_1.17.0.201812190825/tools/compiler/bin/../lib/gcc/arm-none-eabi/7.3.1/../../../../arm-none-eabi/lib/thumb/v7e-m/fpv4-sp/hard\libc_nano.a(lib_a-malloc.o)
                0x08004c34                free
 .text.memset   0x08004c44       0x10 c:/ac6/systemworkbench/plugins/fr.ac6.mcu.externaltools.arm-none.win32_1.17.0.201812190825/tools/compiler/bin/../lib/gcc/arm-none-eabi/7.3.1/../../../../arm-none-eabi/lib/thumb/v7e-m/fpv4-sp/hard\libc_nano.a(lib_a-memset.o)
                0x08004c44                memset
 .text._free_r  0x08004c54       0x9c c:/ac6/systemworkbench/plugins/fr.ac6.mcu.externaltools.arm-none.win32_1.17.0.201812190825/tools/compiler/bin/../lib/gcc/arm-none-eabi/7.3.1/../../../../arm-none-eabi/lib/thumb/v7e-m/fpv4-sp/hard\libc_nano.a(lib_a-nano-freer.o)
                0x08004c54                _free_r
 .text._malloc_r
                0x08004cf0       0xb4 c:/ac6/systemworkbench/plugins/fr.ac6.mcu.externaltools.arm-none.win32_1.17.0.201812190825/tools/compiler/bin/../lib/gcc/arm-none-eabi/7.3.1/../../../../arm-none-eabi/lib/thumb/v7e-m/fpv4-sp/hard\libc_nano.a(lib_a-nano-mallocr.o)
                0x08004cf0                _malloc_r
 .text._sbrk_r  0x08004da4       0x20 c:/ac6/systemworkbench/plugins/fr.ac6.mcu.externaltools.arm-none.win32_1.17.0.201812190825/tools/compiler/bin/../lib/gcc/arm-none-eabi/7.3.1/../../../../arm-none-eabi/lib/thumb/v7e-m/fpv4-sp/hard\libc_nano.a(lib_a-sbrkr.o)
                0x08004da4                _sbrk_r
 .text.__malloc_lock
                0x08004dc4        0x2 c:/ac6/systemworkbench/plugins/fr.ac6.mcu.externaltools.arm-none.win32_1.17.0.201812190825/tools/compiler/bin/../lib/gcc/arm-none-eabi/7.3.1/../../../../arm-none-eabi/lib/thumb/v7e-m/fpv4-sp/hard\libc_nano.a(lib_a-mlock.o)
                0x08004dc4                __malloc_lock
 .text.__malloc_unlock
                0x08004dc6        0x2 c:/ac6/systemworkbench/plugins/fr.ac6.mcu.externaltools.arm-none.win32_1.17.0.201812190825/tools/compiler/bin/../lib/gcc/arm-none-eabi/7.3.1/../../../../arm-none-eabi/lib/thumb/v7e-m/fpv4-sp/hard\libc_nano.a(lib_a-mlock.o)
                0x08004dc6                __malloc_unlock
 *(.glue_7)
 .glue_7        0x08004dc8        0x0 linker stubs
 *(.glue_7t)
 .glue_7t       0x08004dc8        0x0 linker stubs
 *(.eh_frame)
 .eh_frame      0x08004dc8        0x0 c:/ac6/systemworkbench/plugins/fr.ac6.mcu.externaltools.arm-none.win32_1.17.0.201812190825/tools/compiler/bin/../lib/gcc/arm-none-eabi/7.3.1/thumb/v7e-m/fpv4-sp/hard/crtbegin.o
 *(.init)
 .init          0x08004dc8        0x4 c:/ac6/systemworkbench/plugins/fr.ac6.mcu.externaltools.arm-none.win32_1.17.0.201812190825/tools/compiler/bin/../lib/gcc/arm-none-eabi/7.3.1/thumb/v7e-m/fpv4-sp/hard/crti.o
                0x08004dc8                _init
 .init          0x08004dcc        0x8 c:/ac6/systemworkbench/plugins/fr.ac6.mcu.externaltools.arm-none.win32_1.17.0.201812190825/tools/compiler/bin/../lib/gcc/arm-none-eabi/7.3.1/thumb/v7e-m/fpv4-sp/hard/crtn.o
 *(.fini)
 .fini          0x08004dd4        0x4 c:/ac6/systemworkbench/plugins/fr.ac6.mcu.externaltools.arm-none.win32_1.17.0.201812190825/tools/compiler/bin/../lib/gcc/arm-none-eabi/7.3.1/thumb/v7e-m/fpv4-sp/hard/crti.o
                0x08004dd4                _fini
 .fini          0x08004dd8        0x8 c:/ac6/systemworkbench/plugins/fr.ac6.mcu.externaltools.arm-none.win32_1.17.0.201812190825/tools/compiler/bin/../lib/gcc/arm-none-eabi/7.3.1/thumb/v7e-m/fpv4-sp/hard/crtn.o
                0x08004de0                . = ALIGN (0x4)
                0x08004de0                _etext = .

.vfp11_veneer   0x08004de0        0x0
 .vfp11_veneer  0x08004de0        0x0 linker stubs

.v4_bx          0x08004de0        0x0
 .v4_bx         0x08004de0        0x0 linker stubs

.iplt           0x08004de0        0x0
 .iplt          0x08004de0        0x0 c:/ac6/systemworkbench/plugins/fr.ac6.mcu.externaltools.arm-none.win32_1.17.0.201812190825/tools/compiler/bin/../lib/gcc/arm-none-eabi/7.3.1/thumb/v7e-m/fpv4-sp/hard/crtbegin.o

.rodata         0x08004de0       0x1c
                0x08004de0                . = ALIGN (0x4)
 *(.rodata)
 .rodata        0x08004de0       0x18 Src/system_stm32f4xx.o
                0x08004de0                AHBPrescTable
                0x08004df0                APBPrescTable
 *(.rodata*)
 .rodata.str1.4
                0x08004df8        0x4 Middlewares/ST/STM32_USB_Host_Library/Class/CDC/Src/usbh_cdc.o
                0x08004dfc                . = ALIGN (0x4)

.ARM.extab
 *(.ARM.extab* .gnu.linkonce.armextab.*)

.ARM            0x08004dfc        0x8
                0x08004dfc                __exidx_start = .
 *(.ARM.exidx*)
 .ARM.exidx     0x08004dfc        0x8 c:/ac6/systemworkbench/plugins/fr.ac6.mcu.externaltools.arm-none.win32_1.17.0.201812190825/tools/compiler/bin/../lib/gcc/arm-none-eabi/7.3.1/thumb/v7e-m/fpv4-sp/hard\libgcc.a(_udivmoddi4.o)
                0x08004e04                __exidx_end = .

.rel.dyn        0x08004e04        0x0
 .rel.iplt      0x08004e04        0x0 c:/ac6/systemworkbench/plugins/fr.ac6.mcu.externaltools.arm-none.win32_1.17.0.201812190825/tools/compiler/bin/../lib/gcc/arm-none-eabi/7.3.1/thumb/v7e-m/fpv4-sp/hard/crtbegin.o

.preinit_array  0x08004e04        0x0
                0x08004e04                PROVIDE (__preinit_array_start = .)
 *(.preinit_array*)
                0x08004e04                PROVIDE (__preinit_array_end = .)

.init_array     0x08004e04        0x4
                0x08004e04                PROVIDE (__init_array_start = .)
 *(SORT_BY_NAME(.init_array.*))
 *(.init_array*)
 .init_array    0x08004e04        0x4 c:/ac6/systemworkbench/plugins/fr.ac6.mcu.externaltools.arm-none.win32_1.17.0.201812190825/tools/compiler/bin/../lib/gcc/arm-none-eabi/7.3.1/thumb/v7e-m/fpv4-sp/hard/crtbegin.o
                0x08004e08                PROVIDE (__init_array_end = .)

.fini_array     0x08004e08        0x4
                [!provide]                PROVIDE (__fini_array_start = .)
 *(SORT_BY_NAME(.fini_array.*))
 *(.fini_array*)
 .fini_array    0x08004e08        0x4 c:/ac6/systemworkbench/plugins/fr.ac6.mcu.externaltools.arm-none.win32_1.17.0.201812190825/tools/compiler/bin/../lib/gcc/arm-none-eabi/7.3.1/thumb/v7e-m/fpv4-sp/hard/crtbegin.o
                [!provide]                PROVIDE (__fini_array_end = .)
                0x08004e0c                _sidata = LOADADDR (.data)

.data           0x20000000       0x90 load address 0x08004e0c
                0x20000000                . = ALIGN (0x4)
                0x20000000                _sdata = .
 *(.data)
 .data          0x20000000        0x8 Drivers/STM32F4xx_HAL_Driver/Src/stm32f4xx_hal.o
                0x20000000                uwTickFreq
                0x20000004                uwTickPrio
 .data          0x20000008       0x20 Middlewares/ST/STM32_USB_Host_Library/Class/CDC/Src/usbh_cdc.o
                0x20000008                CDC_Class
 .data          0x20000028        0x4 Src/system_stm32f4xx.o
                0x20000028                SystemCoreClock
 *(.data*)
 .data._impure_ptr
                0x2000002c        0x4 c:/ac6/systemworkbench/plugins/fr.ac6.mcu.externaltools.arm-none.win32_1.17.0.201812190825/tools/compiler/bin/../lib/gcc/arm-none-eabi/7.3.1/../../../../arm-none-eabi/lib/thumb/v7e-m/fpv4-sp/hard\libc_nano.a(lib_a-impure.o)
                0x2000002c                _impure_ptr
 .data.impure_data
                0x20000030       0x60 c:/ac6/systemworkbench/plugins/fr.ac6.mcu.externaltools.arm-none.win32_1.17.0.201812190825/tools/compiler/bin/../lib/gcc/arm-none-eabi/7.3.1/../../../../arm-none-eabi/lib/thumb/v7e-m/fpv4-sp/hard\libc_nano.a(lib_a-impure.o)
                0x20000090                . = ALIGN (0x4)
                0x20000090                _edata = .

.igot.plt       0x20000090        0x0 load address 0x08004e9c
 .igot.plt      0x20000090        0x0 c:/ac6/systemworkbench/plugins/fr.ac6.mcu.externaltools.arm-none.win32_1.17.0.201812190825/tools/compiler/bin/../lib/gcc/arm-none-eabi/7.3.1/thumb/v7e-m/fpv4-sp/hard/crtbegin.o
                0x20000090                . = ALIGN (0x4)

.bss            0x20000090      0x850 load address 0x08004e9c
                0x20000090                _sbss = .
                0x20000090                __bss_start__ = _sbss
 *(.bss)
 .bss           0x20000090       0x1c c:/ac6/systemworkbench/plugins/fr.ac6.mcu.externaltools.arm-none.win32_1.17.0.201812190825/tools/compiler/bin/../lib/gcc/arm-none-eabi/7.3.1/thumb/v7e-m/fpv4-sp/hard/crtbegin.o
 .bss           0x200000ac        0x4 Drivers/STM32F4xx_HAL_Driver/Src/stm32f4xx_ll_usb.o
 .bss           0x200000b0        0x8 Src/syscalls.o
                0x200000b4                __env
 .bss           0x200000b8        0x1 Src/usb_host.o
                0x200000b8                Appli_state
 *(.bss*)
 *fill*         0x200000b9        0x3 
 .bss.__malloc_free_list
                0x200000bc        0x4 c:/ac6/systemworkbench/plugins/fr.ac6.mcu.externaltools.arm-none.win32_1.17.0.201812190825/tools/compiler/bin/../lib/gcc/arm-none-eabi/7.3.1/../../../../arm-none-eabi/lib/thumb/v7e-m/fpv4-sp/hard\libc_nano.a(lib_a-nano-mallocr.o)
                0x200000bc                __malloc_free_list
 .bss.__malloc_sbrk_start
                0x200000c0        0x4 c:/ac6/systemworkbench/plugins/fr.ac6.mcu.externaltools.arm-none.win32_1.17.0.201812190825/tools/compiler/bin/../lib/gcc/arm-none-eabi/7.3.1/../../../../arm-none-eabi/lib/thumb/v7e-m/fpv4-sp/hard\libc_nano.a(lib_a-nano-mallocr.o)
                0x200000c0                __malloc_sbrk_start
 *(COMMON)
 COMMON         0x200000c4        0x4 Drivers/STM32F4xx_HAL_Driver/Src/stm32f4xx_hal.o
                0x200000c4                uwTick
 COMMON         0x200000c8      0x184 Src/main.o
                0x200000c8                hi2c1
                0x2000011c                hadc1
                0x20000164                hspi1
                0x200001bc                hi2s2
                0x20000204                hi2s3
 COMMON         0x2000024c      0x3cc Src/usb_host.o
                0x2000024c                hUsbHostFS
 COMMON         0x20000618      0x2c4 Src/usbh_conf.o
                0x20000618                hhcd_USB_OTG_FS
 COMMON         0x200008dc        0x4 c:/ac6/systemworkbench/plugins/fr.ac6.mcu.externaltools.arm-none.win32_1.17.0.201812190825/tools/compiler/bin/../lib/gcc/arm-none-eabi/7.3.1/../../../../arm-none-eabi/lib/thumb/v7e-m/fpv4-sp/hard\libc_nano.a(lib_a-reent.o)
                0x200008dc                errno
                0x200008e0                . = ALIGN (0x4)
                0x200008e0                _ebss = .
                0x200008e0                __bss_end__ = _ebss

._user_heap_stack
                0x200008e0      0x600 load address 0x08004e9c
                0x200008e0                . = ALIGN (0x8)
                0x200008e0                PROVIDE (end = .)
                [!provide]                PROVIDE (_end = .)
                0x20000ae0                . = (. + _Min_Heap_Size)
 *fill*         0x200008e0      0x200 
                0x20000ee0                . = (. + _Min_Stack_Size)
 *fill*         0x20000ae0      0x400 
                0x20000ee0                . = ALIGN (0x8)

/DISCARD/
 libc.a(*)
 libm.a(*)
 libgcc.a(*)

.ARM.attributes
                0x00000000       0x30
 *(.ARM.attributes)
 .ARM.attributes
                0x00000000       0x22 c:/ac6/systemworkbench/plugins/fr.ac6.mcu.externaltools.arm-none.win32_1.17.0.201812190825/tools/compiler/bin/../lib/gcc/arm-none-eabi/7.3.1/thumb/v7e-m/fpv4-sp/hard/crti.o
 .ARM.attributes
                0x00000022       0x34 c:/ac6/systemworkbench/plugins/fr.ac6.mcu.externaltools.arm-none.win32_1.17.0.201812190825/tools/compiler/bin/../lib/gcc/arm-none-eabi/7.3.1/thumb/v7e-m/fpv4-sp/hard/crtbegin.o
 .ARM.attributes
                0x00000056       0x39 Drivers/STM32F4xx_HAL_Driver/Src/stm32f4xx_hal.o
 .ARM.attributes
                0x0000008f       0x39 Drivers/STM32F4xx_HAL_Driver/Src/stm32f4xx_hal_adc.o
 .ARM.attributes
                0x000000c8       0x39 Drivers/STM32F4xx_HAL_Driver/Src/stm32f4xx_hal_adc_ex.o
 .ARM.attributes
                0x00000101       0x39 Drivers/STM32F4xx_HAL_Driver/Src/stm32f4xx_hal_cortex.o
 .ARM.attributes
                0x0000013a       0x39 Drivers/STM32F4xx_HAL_Driver/Src/stm32f4xx_hal_gpio.o
 .ARM.attributes
                0x00000173       0x39 Drivers/STM32F4xx_HAL_Driver/Src/stm32f4xx_hal_hcd.o
 .ARM.attributes
                0x000001ac       0x39 Drivers/STM32F4xx_HAL_Driver/Src/stm32f4xx_hal_i2c.o
 .ARM.attributes
                0x000001e5       0x39 Drivers/STM32F4xx_HAL_Driver/Src/stm32f4xx_hal_i2s.o
 .ARM.attributes
                0x0000021e       0x39 Drivers/STM32F4xx_HAL_Driver/Src/stm32f4xx_hal_i2s_ex.o
 .ARM.attributes
                0x00000257       0x39 Drivers/STM32F4xx_HAL_Driver/Src/stm32f4xx_hal_rcc.o
 .ARM.attributes
                0x00000290       0x39 Drivers/STM32F4xx_HAL_Driver/Src/stm32f4xx_hal_rcc_ex.o
 .ARM.attributes
                0x000002c9       0x39 Drivers/STM32F4xx_HAL_Driver/Src/stm32f4xx_hal_spi.o
 .ARM.attributes
                0x00000302       0x39 Drivers/STM32F4xx_HAL_Driver/Src/stm32f4xx_ll_usb.o
 .ARM.attributes
                0x0000033b       0x39 Middlewares/ST/STM32_USB_Host_Library/Class/CDC/Src/usbh_cdc.o
 .ARM.attributes
                0x00000374       0x39 Middlewares/ST/STM32_USB_Host_Library/Core/Src/usbh_core.o
 .ARM.attributes
                0x000003ad       0x39 Middlewares/ST/STM32_USB_Host_Library/Core/Src/usbh_ctlreq.o
 .ARM.attributes
                0x000003e6       0x39 Middlewares/ST/STM32_USB_Host_Library/Core/Src/usbh_ioreq.o
 .ARM.attributes
                0x0000041f       0x39 Middlewares/ST/STM32_USB_Host_Library/Core/Src/usbh_pipes.o
 .ARM.attributes
                0x00000458       0x39 Src/main.o
 .ARM.attributes
                0x00000491       0x39 Src/stm32f4xx_hal_msp.o
 .ARM.attributes
                0x000004ca       0x39 Src/stm32f4xx_it.o
 .ARM.attributes
                0x00000503       0x39 Src/syscalls.o
 .ARM.attributes
                0x0000053c       0x39 Src/system_stm32f4xx.o
 .ARM.attributes
                0x00000575       0x39 Src/usb_host.o
 .ARM.attributes
                0x000005ae       0x39 Src/usbh_conf.o
 .ARM.attributes
                0x000005e7       0x39 Src/usbh_platform.o
 .ARM.attributes
                0x00000620       0x21 startup/startup_stm32f411xe.o
 .ARM.attributes
                0x00000641       0x22 c:/ac6/systemworkbench/plugins/fr.ac6.mcu.externaltools.arm-none.win32_1.17.0.201812190825/tools/compiler/bin/../lib/gcc/arm-none-eabi/7.3.1/thumb/v7e-m/fpv4-sp/hard\libgcc.a(_aeabi_uldivmod.o)
 .ARM.attributes
                0x00000663       0x34 c:/ac6/systemworkbench/plugins/fr.ac6.mcu.externaltools.arm-none.win32_1.17.0.201812190825/tools/compiler/bin/../lib/gcc/arm-none-eabi/7.3.1/thumb/v7e-m/fpv4-sp/hard\libgcc.a(_udivmoddi4.o)
 .ARM.attributes
                0x00000697       0x22 c:/ac6/systemworkbench/plugins/fr.ac6.mcu.externaltools.arm-none.win32_1.17.0.201812190825/tools/compiler/bin/../lib/gcc/arm-none-eabi/7.3.1/thumb/v7e-m/fpv4-sp/hard\libgcc.a(_dvmd_tls.o)
 .ARM.attributes
                0x000006b9       0x34 c:/ac6/systemworkbench/plugins/fr.ac6.mcu.externaltools.arm-none.win32_1.17.0.201812190825/tools/compiler/bin/../lib/gcc/arm-none-eabi/7.3.1/../../../../arm-none-eabi/lib/thumb/v7e-m/fpv4-sp/hard\libc_nano.a(lib_a-errno.o)
 .ARM.attributes
                0x000006ed       0x34 c:/ac6/systemworkbench/plugins/fr.ac6.mcu.externaltools.arm-none.win32_1.17.0.201812190825/tools/compiler/bin/../lib/gcc/arm-none-eabi/7.3.1/../../../../arm-none-eabi/lib/thumb/v7e-m/fpv4-sp/hard\libc_nano.a(lib_a-impure.o)
 .ARM.attributes
                0x00000721       0x34 c:/ac6/systemworkbench/plugins/fr.ac6.mcu.externaltools.arm-none.win32_1.17.0.201812190825/tools/compiler/bin/../lib/gcc/arm-none-eabi/7.3.1/../../../../arm-none-eabi/lib/thumb/v7e-m/fpv4-sp/hard\libc_nano.a(lib_a-init.o)
 .ARM.attributes
                0x00000755       0x34 c:/ac6/systemworkbench/plugins/fr.ac6.mcu.externaltools.arm-none.win32_1.17.0.201812190825/tools/compiler/bin/../lib/gcc/arm-none-eabi/7.3.1/../../../../arm-none-eabi/lib/thumb/v7e-m/fpv4-sp/hard\libc_nano.a(lib_a-malloc.o)
 .ARM.attributes
                0x00000789       0x34 c:/ac6/systemworkbench/plugins/fr.ac6.mcu.externaltools.arm-none.win32_1.17.0.201812190825/tools/compiler/bin/../lib/gcc/arm-none-eabi/7.3.1/../../../../arm-none-eabi/lib/thumb/v7e-m/fpv4-sp/hard\libc_nano.a(lib_a-memset.o)
 .ARM.attributes
                0x000007bd       0x34 c:/ac6/systemworkbench/plugins/fr.ac6.mcu.externaltools.arm-none.win32_1.17.0.201812190825/tools/compiler/bin/../lib/gcc/arm-none-eabi/7.3.1/../../../../arm-none-eabi/lib/thumb/v7e-m/fpv4-sp/hard\libc_nano.a(lib_a-nano-freer.o)
 .ARM.attributes
                0x000007f1       0x34 c:/ac6/systemworkbench/plugins/fr.ac6.mcu.externaltools.arm-none.win32_1.17.0.201812190825/tools/compiler/bin/../lib/gcc/arm-none-eabi/7.3.1/../../../../arm-none-eabi/lib/thumb/v7e-m/fpv4-sp/hard\libc_nano.a(lib_a-nano-mallocr.o)
 .ARM.attributes
                0x00000825       0x34 c:/ac6/systemworkbench/plugins/fr.ac6.mcu.externaltools.arm-none.win32_1.17.0.201812190825/tools/compiler/bin/../lib/gcc/arm-none-eabi/7.3.1/../../../../arm-none-eabi/lib/thumb/v7e-m/fpv4-sp/hard\libc_nano.a(lib_a-sbrkr.o)
 .ARM.attributes
                0x00000859       0x34 c:/ac6/systemworkbench/plugins/fr.ac6.mcu.externaltools.arm-none.win32_1.17.0.201812190825/tools/compiler/bin/../lib/gcc/arm-none-eabi/7.3.1/../../../../arm-none-eabi/lib/thumb/v7e-m/fpv4-sp/hard\libc_nano.a(lib_a-mlock.o)
 .ARM.attributes
                0x0000088d       0x34 c:/ac6/systemworkbench/plugins/fr.ac6.mcu.externaltools.arm-none.win32_1.17.0.201812190825/tools/compiler/bin/../lib/gcc/arm-none-eabi/7.3.1/../../../../arm-none-eabi/lib/thumb/v7e-m/fpv4-sp/hard\libc_nano.a(lib_a-reent.o)
 .ARM.attributes
                0x000008c1       0x22 c:/ac6/systemworkbench/plugins/fr.ac6.mcu.externaltools.arm-none.win32_1.17.0.201812190825/tools/compiler/bin/../lib/gcc/arm-none-eabi/7.3.1/thumb/v7e-m/fpv4-sp/hard/crtn.o
OUTPUT(vozonok.elf elf32-littlearm)

.debug_info     0x00000000    0x1f0db
 .debug_info    0x00000000      0x985 Drivers/STM32F4xx_HAL_Driver/Src/stm32f4xx_hal.o
 .debug_info    0x00000985      0xe0b Drivers/STM32F4xx_HAL_Driver/Src/stm32f4xx_hal_adc.o
 .debug_info    0x00001790      0xc34 Drivers/STM32F4xx_HAL_Driver/Src/stm32f4xx_hal_adc_ex.o
 .debug_info    0x000023c4      0xefc Drivers/STM32F4xx_HAL_Driver/Src/stm32f4xx_hal_cortex.o
 .debug_info    0x000032c0      0x7ea Drivers/STM32F4xx_HAL_Driver/Src/stm32f4xx_hal_gpio.o
 .debug_info    0x00003aaa     0x12c8 Drivers/STM32F4xx_HAL_Driver/Src/stm32f4xx_hal_hcd.o
 .debug_info    0x00004d72     0x3329 Drivers/STM32F4xx_HAL_Driver/Src/stm32f4xx_hal_i2c.o
 .debug_info    0x0000809b      0xfd7 Drivers/STM32F4xx_HAL_Driver/Src/stm32f4xx_hal_i2s.o
 .debug_info    0x00009072      0xde3 Drivers/STM32F4xx_HAL_Driver/Src/stm32f4xx_hal_i2s_ex.o
 .debug_info    0x00009e55      0xabe Drivers/STM32F4xx_HAL_Driver/Src/stm32f4xx_hal_rcc.o
 .debug_info    0x0000a913      0x71e Drivers/STM32F4xx_HAL_Driver/Src/stm32f4xx_hal_rcc_ex.o
 .debug_info    0x0000b031     0x1bf3 Drivers/STM32F4xx_HAL_Driver/Src/stm32f4xx_hal_spi.o
 .debug_info    0x0000cc24     0x1b6f Drivers/STM32F4xx_HAL_Driver/Src/stm32f4xx_ll_usb.o
 .debug_info    0x0000e793     0x1e93 Middlewares/ST/STM32_USB_Host_Library/Class/CDC/Src/usbh_cdc.o
 .debug_info    0x00010626     0x1bc0 Middlewares/ST/STM32_USB_Host_Library/Core/Src/usbh_core.o
 .debug_info    0x000121e6     0x1a85 Middlewares/ST/STM32_USB_Host_Library/Core/Src/usbh_ctlreq.o
 .debug_info    0x00013c6b     0x16b3 Middlewares/ST/STM32_USB_Host_Library/Core/Src/usbh_ioreq.o
 .debug_info    0x0001531e     0x135b Middlewares/ST/STM32_USB_Host_Library/Core/Src/usbh_pipes.o
 .debug_info    0x00016679     0x18d7 Src/main.o
 .debug_info    0x00017f50     0x1621 Src/stm32f4xx_hal_msp.o
 .debug_info    0x00019571      0xb79 Src/stm32f4xx_it.o
 .debug_info    0x0001a0ea      0xfd3 Src/syscalls.o
 .debug_info    0x0001b0bd      0x583 Src/system_stm32f4xx.o
 .debug_info    0x0001b640     0x12fd Src/usb_host.o
 .debug_info    0x0001c93d     0x24d9 Src/usbh_conf.o
 .debug_info    0x0001ee16      0x2a3 Src/usbh_platform.o
 .debug_info    0x0001f0b9       0x22 startup/startup_stm32f411xe.o

.debug_abbrev   0x00000000     0x3f57
 .debug_abbrev  0x00000000      0x218 Drivers/STM32F4xx_HAL_Driver/Src/stm32f4xx_hal.o
 .debug_abbrev  0x00000218      0x20a Drivers/STM32F4xx_HAL_Driver/Src/stm32f4xx_hal_adc.o
 .debug_abbrev  0x00000422      0x239 Drivers/STM32F4xx_HAL_Driver/Src/stm32f4xx_hal_adc_ex.o
 .debug_abbrev  0x0000065b      0x328 Drivers/STM32F4xx_HAL_Driver/Src/stm32f4xx_hal_cortex.o
 .debug_abbrev  0x00000983      0x1e7 Drivers/STM32F4xx_HAL_Driver/Src/stm32f4xx_hal_gpio.o
 .debug_abbrev  0x00000b6a      0x27f Drivers/STM32F4xx_HAL_Driver/Src/stm32f4xx_hal_hcd.o
 .debug_abbrev  0x00000de9      0x284 Drivers/STM32F4xx_HAL_Driver/Src/stm32f4xx_hal_i2c.o
 .debug_abbrev  0x0000106d      0x249 Drivers/STM32F4xx_HAL_Driver/Src/stm32f4xx_hal_i2s.o
 .debug_abbrev  0x000012b6      0x290 Drivers/STM32F4xx_HAL_Driver/Src/stm32f4xx_hal_i2s_ex.o
 .debug_abbrev  0x00001546      0x273 Drivers/STM32F4xx_HAL_Driver/Src/stm32f4xx_hal_rcc.o
 .debug_abbrev  0x000017b9      0x179 Drivers/STM32F4xx_HAL_Driver/Src/stm32f4xx_hal_rcc_ex.o
 .debug_abbrev  0x00001932      0x249 Drivers/STM32F4xx_HAL_Driver/Src/stm32f4xx_hal_spi.o
 .debug_abbrev  0x00001b7b      0x2a8 Drivers/STM32F4xx_HAL_Driver/Src/stm32f4xx_ll_usb.o
 .debug_abbrev  0x00001e23      0x346 Middlewares/ST/STM32_USB_Host_Library/Class/CDC/Src/usbh_cdc.o
 .debug_abbrev  0x00002169      0x382 Middlewares/ST/STM32_USB_Host_Library/Core/Src/usbh_core.o
 .debug_abbrev  0x000024eb      0x36e Middlewares/ST/STM32_USB_Host_Library/Core/Src/usbh_ctlreq.o
 .debug_abbrev  0x00002859      0x292 Middlewares/ST/STM32_USB_Host_Library/Core/Src/usbh_ioreq.o
 .debug_abbrev  0x00002aeb      0x2cc Middlewares/ST/STM32_USB_Host_Library/Core/Src/usbh_pipes.o
 .debug_abbrev  0x00002db7      0x275 Src/main.o
 .debug_abbrev  0x0000302c      0x1fb Src/stm32f4xx_hal_msp.o
 .debug_abbrev  0x00003227      0x1b2 Src/stm32f4xx_it.o
 .debug_abbrev  0x000033d9      0x2d4 Src/syscalls.o
 .debug_abbrev  0x000036ad      0x12b Src/system_stm32f4xx.o
 .debug_abbrev  0x000037d8      0x2b5 Src/usb_host.o
 .debug_abbrev  0x00003a8d      0x38a Src/usbh_conf.o
 .debug_abbrev  0x00003e17      0x12e Src/usbh_platform.o
 .debug_abbrev  0x00003f45       0x12 startup/startup_stm32f411xe.o

.debug_loc      0x00000000     0xe4ef
 .debug_loc     0x00000000      0x11b Drivers/STM32F4xx_HAL_Driver/Src/stm32f4xx_hal.o
 .debug_loc     0x0000011b      0x950 Drivers/STM32F4xx_HAL_Driver/Src/stm32f4xx_hal_adc.o
 .debug_loc     0x00000a6b      0x8de Drivers/STM32F4xx_HAL_Driver/Src/stm32f4xx_hal_adc_ex.o
 .debug_loc     0x00001349      0x5ce Drivers/STM32F4xx_HAL_Driver/Src/stm32f4xx_hal_cortex.o
 .debug_loc     0x00001917      0x476 Drivers/STM32F4xx_HAL_Driver/Src/stm32f4xx_hal_gpio.o
 .debug_loc     0x00001d8d      0xba8 Drivers/STM32F4xx_HAL_Driver/Src/stm32f4xx_hal_hcd.o
 .debug_loc     0x00002935     0x3718 Drivers/STM32F4xx_HAL_Driver/Src/stm32f4xx_hal_i2c.o
 .debug_loc     0x0000604d      0xc17 Drivers/STM32F4xx_HAL_Driver/Src/stm32f4xx_hal_i2s.o
 .debug_loc     0x00006c64      0xa81 Drivers/STM32F4xx_HAL_Driver/Src/stm32f4xx_hal_i2s_ex.o
 .debug_loc     0x000076e5      0x40f Drivers/STM32F4xx_HAL_Driver/Src/stm32f4xx_hal_rcc.o
 .debug_loc     0x00007af4      0x2c7 Drivers/STM32F4xx_HAL_Driver/Src/stm32f4xx_hal_rcc_ex.o
 .debug_loc     0x00007dbb     0x19fe Drivers/STM32F4xx_HAL_Driver/Src/stm32f4xx_hal_spi.o
 .debug_loc     0x000097b9     0x1e4e Drivers/STM32F4xx_HAL_Driver/Src/stm32f4xx_ll_usb.o
 .debug_loc     0x0000b607      0x642 Middlewares/ST/STM32_USB_Host_Library/Class/CDC/Src/usbh_cdc.o
 .debug_loc     0x0000bc49      0x66c Middlewares/ST/STM32_USB_Host_Library/Core/Src/usbh_core.o
 .debug_loc     0x0000c2b5      0xbf1 Middlewares/ST/STM32_USB_Host_Library/Core/Src/usbh_ctlreq.o
 .debug_loc     0x0000cea6      0x50f Middlewares/ST/STM32_USB_Host_Library/Core/Src/usbh_ioreq.o
 .debug_loc     0x0000d3b5      0x1be Middlewares/ST/STM32_USB_Host_Library/Core/Src/usbh_pipes.o
 .debug_loc     0x0000d573       0x21 Src/main.o
 .debug_loc     0x0000d594      0x202 Src/stm32f4xx_hal_msp.o
 .debug_loc     0x0000d796      0x3af Src/syscalls.o
 .debug_loc     0x0000db45      0x13e Src/system_stm32f4xx.o
 .debug_loc     0x0000dc83      0x817 Src/usbh_conf.o
 .debug_loc     0x0000e49a       0x55 Src/usbh_platform.o

.debug_aranges  0x00000000     0x12d0
 .debug_aranges
                0x00000000       0xf0 Drivers/STM32F4xx_HAL_Driver/Src/stm32f4xx_hal.o
 .debug_aranges
                0x000000f0       0xe8 Drivers/STM32F4xx_HAL_Driver/Src/stm32f4xx_hal_adc.o
 .debug_aranges
                0x000001d8       0x90 Drivers/STM32F4xx_HAL_Driver/Src/stm32f4xx_hal_adc_ex.o
 .debug_aranges
                0x00000268       0xa8 Drivers/STM32F4xx_HAL_Driver/Src/stm32f4xx_hal_cortex.o
 .debug_aranges
                0x00000310       0x58 Drivers/STM32F4xx_HAL_Driver/Src/stm32f4xx_hal_gpio.o
 .debug_aranges
                0x00000368       0xf0 Drivers/STM32F4xx_HAL_Driver/Src/stm32f4xx_hal_hcd.o
 .debug_aranges
                0x00000458      0x298 Drivers/STM32F4xx_HAL_Driver/Src/stm32f4xx_hal_i2c.o
 .debug_aranges
                0x000006f0      0x108 Drivers/STM32F4xx_HAL_Driver/Src/stm32f4xx_hal_i2s.o
 .debug_aranges
                0x000007f8       0x88 Drivers/STM32F4xx_HAL_Driver/Src/stm32f4xx_hal_i2s_ex.o
 .debug_aranges
                0x00000880       0x88 Drivers/STM32F4xx_HAL_Driver/Src/stm32f4xx_hal_rcc.o
 .debug_aranges
                0x00000908       0x50 Drivers/STM32F4xx_HAL_Driver/Src/stm32f4xx_hal_rcc_ex.o
 .debug_aranges
                0x00000958      0x1d0 Drivers/STM32F4xx_HAL_Driver/Src/stm32f4xx_hal_spi.o
 .debug_aranges
                0x00000b28      0x198 Drivers/STM32F4xx_HAL_Driver/Src/stm32f4xx_ll_usb.o
 .debug_aranges
                0x00000cc0       0xa8 Middlewares/ST/STM32_USB_Host_Library/Class/CDC/Src/usbh_cdc.o
 .debug_aranges
                0x00000d68       0xc0 Middlewares/ST/STM32_USB_Host_Library/Core/Src/usbh_core.o
 .debug_aranges
                0x00000e28       0xa0 Middlewares/ST/STM32_USB_Host_Library/Core/Src/usbh_ctlreq.o
 .debug_aranges
                0x00000ec8       0x60 Middlewares/ST/STM32_USB_Host_Library/Core/Src/usbh_ioreq.o
 .debug_aranges
                0x00000f28       0x40 Middlewares/ST/STM32_USB_Host_Library/Core/Src/usbh_pipes.o
 .debug_aranges
                0x00000f68       0x70 Src/main.o
 .debug_aranges
                0x00000fd8       0x60 Src/stm32f4xx_hal_msp.o
 .debug_aranges
                0x00001038       0x70 Src/stm32f4xx_it.o
 .debug_aranges
                0x000010a8       0xb0 Src/syscalls.o
 .debug_aranges
                0x00001158       0x28 Src/system_stm32f4xx.o
 .debug_aranges
                0x00001180       0x30 Src/usb_host.o
 .debug_aranges
                0x000011b0       0xd8 Src/usbh_conf.o
 .debug_aranges
                0x00001288       0x20 Src/usbh_platform.o
 .debug_aranges
                0x000012a8       0x28 startup/startup_stm32f411xe.o

.debug_ranges   0x00000000     0x11e8
 .debug_ranges  0x00000000       0xe0 Drivers/STM32F4xx_HAL_Driver/Src/stm32f4xx_hal.o
 .debug_ranges  0x000000e0       0xd8 Drivers/STM32F4xx_HAL_Driver/Src/stm32f4xx_hal_adc.o
 .debug_ranges  0x000001b8       0x80 Drivers/STM32F4xx_HAL_Driver/Src/stm32f4xx_hal_adc_ex.o
 .debug_ranges  0x00000238       0xf8 Drivers/STM32F4xx_HAL_Driver/Src/stm32f4xx_hal_cortex.o
 .debug_ranges  0x00000330       0x48 Drivers/STM32F4xx_HAL_Driver/Src/stm32f4xx_hal_gpio.o
 .debug_ranges  0x00000378       0xe0 Drivers/STM32F4xx_HAL_Driver/Src/stm32f4xx_hal_hcd.o
 .debug_ranges  0x00000458      0x2a0 Drivers/STM32F4xx_HAL_Driver/Src/stm32f4xx_hal_i2c.o
 .debug_ranges  0x000006f8       0xf8 Drivers/STM32F4xx_HAL_Driver/Src/stm32f4xx_hal_i2s.o
 .debug_ranges  0x000007f0       0x90 Drivers/STM32F4xx_HAL_Driver/Src/stm32f4xx_hal_i2s_ex.o
 .debug_ranges  0x00000880       0x90 Drivers/STM32F4xx_HAL_Driver/Src/stm32f4xx_hal_rcc.o
 .debug_ranges  0x00000910       0x40 Drivers/STM32F4xx_HAL_Driver/Src/stm32f4xx_hal_rcc_ex.o
 .debug_ranges  0x00000950      0x1c0 Drivers/STM32F4xx_HAL_Driver/Src/stm32f4xx_hal_spi.o
 .debug_ranges  0x00000b10      0x188 Drivers/STM32F4xx_HAL_Driver/Src/stm32f4xx_ll_usb.o
 .debug_ranges  0x00000c98       0x98 Middlewares/ST/STM32_USB_Host_Library/Class/CDC/Src/usbh_cdc.o
 .debug_ranges  0x00000d30       0xb0 Middlewares/ST/STM32_USB_Host_Library/Core/Src/usbh_core.o
 .debug_ranges  0x00000de0       0x90 Middlewares/ST/STM32_USB_Host_Library/Core/Src/usbh_ctlreq.o
 .debug_ranges  0x00000e70       0x50 Middlewares/ST/STM32_USB_Host_Library/Core/Src/usbh_ioreq.o
 .debug_ranges  0x00000ec0       0x30 Middlewares/ST/STM32_USB_Host_Library/Core/Src/usbh_pipes.o
 .debug_ranges  0x00000ef0       0x78 Src/main.o
 .debug_ranges  0x00000f68       0x50 Src/stm32f4xx_hal_msp.o
 .debug_ranges  0x00000fb8       0x60 Src/stm32f4xx_it.o
 .debug_ranges  0x00001018       0xa0 Src/syscalls.o
 .debug_ranges  0x000010b8       0x18 Src/system_stm32f4xx.o
 .debug_ranges  0x000010d0       0x20 Src/usb_host.o
 .debug_ranges  0x000010f0       0xc8 Src/usbh_conf.o
 .debug_ranges  0x000011b8       0x10 Src/usbh_platform.o
 .debug_ranges  0x000011c8       0x20 startup/startup_stm32f411xe.o

.debug_macro    0x00000000    0x1aab0
 .debug_macro   0x00000000      0x27e Drivers/STM32F4xx_HAL_Driver/Src/stm32f4xx_hal.o
 .debug_macro   0x0000027e      0xa60 Drivers/STM32F4xx_HAL_Driver/Src/stm32f4xx_hal.o
 .debug_macro   0x00000cde      0x19c Drivers/STM32F4xx_HAL_Driver/Src/stm32f4xx_hal.o
 .debug_macro   0x00000e7a       0x32 Drivers/STM32F4xx_HAL_Driver/Src/stm32f4xx_hal.o
 .debug_macro   0x00000eac       0x28 Drivers/STM32F4xx_HAL_Driver/Src/stm32f4xx_hal.o
 .debug_macro   0x00000ed4       0x22 Drivers/STM32F4xx_HAL_Driver/Src/stm32f4xx_hal.o
 .debug_macro   0x00000ef6       0x8e Drivers/STM32F4xx_HAL_Driver/Src/stm32f4xx_hal.o
 .debug_macro   0x00000f84       0x51 Drivers/STM32F4xx_HAL_Driver/Src/stm32f4xx_hal.o
 .debug_macro   0x00000fd5       0xef Drivers/STM32F4xx_HAL_Driver/Src/stm32f4xx_hal.o
 .debug_macro   0x000010c4       0x6a Drivers/STM32F4xx_HAL_Driver/Src/stm32f4xx_hal.o
 .debug_macro   0x0000112e      0x1df Drivers/STM32F4xx_HAL_Driver/Src/stm32f4xx_hal.o
 .debug_macro   0x0000130d       0x1c Drivers/STM32F4xx_HAL_Driver/Src/stm32f4xx_hal.o
 .debug_macro   0x00001329       0x22 Drivers/STM32F4xx_HAL_Driver/Src/stm32f4xx_hal.o
 .debug_macro   0x0000134b       0xdf Drivers/STM32F4xx_HAL_Driver/Src/stm32f4xx_hal.o
 .debug_macro   0x0000142a     0x102d Drivers/STM32F4xx_HAL_Driver/Src/stm32f4xx_hal.o
 .debug_macro   0x00002457      0x11f Drivers/STM32F4xx_HAL_Driver/Src/stm32f4xx_hal.o
 .debug_macro   0x00002576     0xb937 Drivers/STM32F4xx_HAL_Driver/Src/stm32f4xx_hal.o
 .debug_macro   0x0000dead       0x43 Drivers/STM32F4xx_HAL_Driver/Src/stm32f4xx_hal.o
 .debug_macro   0x0000def0     0x3652 Drivers/STM32F4xx_HAL_Driver/Src/stm32f4xx_hal.o
 .debug_macro   0x00011542      0x174 Drivers/STM32F4xx_HAL_Driver/Src/stm32f4xx_hal.o
 .debug_macro   0x000116b6       0x4e Drivers/STM32F4xx_HAL_Driver/Src/stm32f4xx_hal.o
 .debug_macro   0x00011704      0x447 Drivers/STM32F4xx_HAL_Driver/Src/stm32f4xx_hal.o
 .debug_macro   0x00011b4b      0x9fe Drivers/STM32F4xx_HAL_Driver/Src/stm32f4xx_hal.o
 .debug_macro   0x00012549      0x15f Drivers/STM32F4xx_HAL_Driver/Src/stm32f4xx_hal.o
 .debug_macro   0x000126a8      0x117 Drivers/STM32F4xx_HAL_Driver/Src/stm32f4xx_hal.o
 .debug_macro   0x000127bf      0x11b Drivers/STM32F4xx_HAL_Driver/Src/stm32f4xx_hal.o
 .debug_macro   0x000128da       0x27 Drivers/STM32F4xx_HAL_Driver/Src/stm32f4xx_hal.o
 .debug_macro   0x00012901      0x287 Drivers/STM32F4xx_HAL_Driver/Src/stm32f4xx_hal.o
 .debug_macro   0x00012b88       0x5f Drivers/STM32F4xx_HAL_Driver/Src/stm32f4xx_hal.o
 .debug_macro   0x00012be7      0x236 Drivers/STM32F4xx_HAL_Driver/Src/stm32f4xx_hal.o
 .debug_macro   0x00012e1d      0x391 Drivers/STM32F4xx_HAL_Driver/Src/stm32f4xx_hal.o
 .debug_macro   0x000131ae      0x17d Drivers/STM32F4xx_HAL_Driver/Src/stm32f4xx_hal.o
 .debug_macro   0x0001332b       0xf9 Drivers/STM32F4xx_HAL_Driver/Src/stm32f4xx_hal.o
 .debug_macro   0x00013424      0x132 Drivers/STM32F4xx_HAL_Driver/Src/stm32f4xx_hal.o
 .debug_macro   0x00013556      0x264 Drivers/STM32F4xx_HAL_Driver/Src/stm32f4xx_hal.o
 .debug_macro   0x000137ba       0x2e Drivers/STM32F4xx_HAL_Driver/Src/stm32f4xx_hal.o
 .debug_macro   0x000137e8      0x1b5 Drivers/STM32F4xx_HAL_Driver/Src/stm32f4xx_hal.o
 .debug_macro   0x0001399d       0x22 Drivers/STM32F4xx_HAL_Driver/Src/stm32f4xx_hal.o
 .debug_macro   0x000139bf       0xd6 Drivers/STM32F4xx_HAL_Driver/Src/stm32f4xx_hal.o
 .debug_macro   0x00013a95      0x199 Drivers/STM32F4xx_HAL_Driver/Src/stm32f4xx_hal.o
 .debug_macro   0x00013c2e       0x40 Drivers/STM32F4xx_HAL_Driver/Src/stm32f4xx_hal.o
 .debug_macro   0x00013c6e       0x4a Drivers/STM32F4xx_HAL_Driver/Src/stm32f4xx_hal.o
 .debug_macro   0x00013cb8      0x11a Drivers/STM32F4xx_HAL_Driver/Src/stm32f4xx_hal.o
 .debug_macro   0x00013dd2       0x85 Drivers/STM32F4xx_HAL_Driver/Src/stm32f4xx_hal.o
 .debug_macro   0x00013e57       0x89 Drivers/STM32F4xx_HAL_Driver/Src/stm32f4xx_hal.o
 .debug_macro   0x00013ee0      0x225 Drivers/STM32F4xx_HAL_Driver/Src/stm32f4xx_hal.o
 .debug_macro   0x00014105      0x225 Drivers/STM32F4xx_HAL_Driver/Src/stm32f4xx_hal.o
 .debug_macro   0x0001432a       0x68 Drivers/STM32F4xx_HAL_Driver/Src/stm32f4xx_hal.o
 .debug_macro   0x00014392      0x126 Drivers/STM32F4xx_HAL_Driver/Src/stm32f4xx_hal.o
 .debug_macro   0x000144b8      0x21f Drivers/STM32F4xx_HAL_Driver/Src/stm32f4xx_hal_adc.o
 .debug_macro   0x000146d7      0x21e Drivers/STM32F4xx_HAL_Driver/Src/stm32f4xx_hal_adc_ex.o
 .debug_macro   0x000148f5      0x21e Drivers/STM32F4xx_HAL_Driver/Src/stm32f4xx_hal_cortex.o
 .debug_macro   0x00014b13      0x254 Drivers/STM32F4xx_HAL_Driver/Src/stm32f4xx_hal_gpio.o
 .debug_macro   0x00014d67      0x21e Drivers/STM32F4xx_HAL_Driver/Src/stm32f4xx_hal_hcd.o
 .debug_macro   0x00014f85      0x25e Drivers/STM32F4xx_HAL_Driver/Src/stm32f4xx_hal_i2c.o
 .debug_macro   0x000151e3      0x21f Drivers/STM32F4xx_HAL_Driver/Src/stm32f4xx_hal_i2s.o
 .debug_macro   0x00015402      0x21e Drivers/STM32F4xx_HAL_Driver/Src/stm32f4xx_hal_i2s_ex.o
 .debug_macro   0x00015620      0x242 Drivers/STM32F4xx_HAL_Driver/Src/stm32f4xx_hal_rcc.o
 .debug_macro   0x00015862      0x21e Drivers/STM32F4xx_HAL_Driver/Src/stm32f4xx_hal_rcc_ex.o
 .debug_macro   0x00015a80      0x22d Drivers/STM32F4xx_HAL_Driver/Src/stm32f4xx_hal_spi.o
 .debug_macro   0x00015cad      0x21e Drivers/STM32F4xx_HAL_Driver/Src/stm32f4xx_ll_usb.o
 .debug_macro   0x00015ecb      0x43e Middlewares/ST/STM32_USB_Host_Library/Class/CDC/Src/usbh_cdc.o
 .debug_macro   0x00016309       0x58 Middlewares/ST/STM32_USB_Host_Library/Class/CDC/Src/usbh_cdc.o
 .debug_macro   0x00016361       0x18 Middlewares/ST/STM32_USB_Host_Library/Class/CDC/Src/usbh_cdc.o
 .debug_macro   0x00016379       0x94 Middlewares/ST/STM32_USB_Host_Library/Class/CDC/Src/usbh_cdc.o
 .debug_macro   0x0001640d       0x35 Middlewares/ST/STM32_USB_Host_Library/Class/CDC/Src/usbh_cdc.o
 .debug_macro   0x00016442       0x34 Middlewares/ST/STM32_USB_Host_Library/Class/CDC/Src/usbh_cdc.o
 .debug_macro   0x00016476       0x16 Middlewares/ST/STM32_USB_Host_Library/Class/CDC/Src/usbh_cdc.o
 .debug_macro   0x0001648c       0x57 Middlewares/ST/STM32_USB_Host_Library/Class/CDC/Src/usbh_cdc.o
 .debug_macro   0x000164e3       0x97 Middlewares/ST/STM32_USB_Host_Library/Class/CDC/Src/usbh_cdc.o
 .debug_macro   0x0001657a      0x330 Middlewares/ST/STM32_USB_Host_Library/Class/CDC/Src/usbh_cdc.o
 .debug_macro   0x000168aa       0xfd Middlewares/ST/STM32_USB_Host_Library/Class/CDC/Src/usbh_cdc.o
 .debug_macro   0x000169a7       0x10 Middlewares/ST/STM32_USB_Host_Library/Class/CDC/Src/usbh_cdc.o
 .debug_macro   0x000169b7       0x58 Middlewares/ST/STM32_USB_Host_Library/Class/CDC/Src/usbh_cdc.o
 .debug_macro   0x00016a0f       0x1f Middlewares/ST/STM32_USB_Host_Library/Class/CDC/Src/usbh_cdc.o
 .debug_macro   0x00016a2e       0x43 Middlewares/ST/STM32_USB_Host_Library/Class/CDC/Src/usbh_cdc.o
 .debug_macro   0x00016a71       0x20 Middlewares/ST/STM32_USB_Host_Library/Class/CDC/Src/usbh_cdc.o
 .debug_macro   0x00016a91      0x18e Middlewares/ST/STM32_USB_Host_Library/Class/CDC/Src/usbh_cdc.o
 .debug_macro   0x00016c1f       0x10 Middlewares/ST/STM32_USB_Host_Library/Class/CDC/Src/usbh_cdc.o
 .debug_macro   0x00016c2f       0x1c Middlewares/ST/STM32_USB_Host_Library/Class/CDC/Src/usbh_cdc.o
 .debug_macro   0x00016c4b       0x52 Middlewares/ST/STM32_USB_Host_Library/Class/CDC/Src/usbh_cdc.o
 .debug_macro   0x00016c9d       0x40 Middlewares/ST/STM32_USB_Host_Library/Class/CDC/Src/usbh_cdc.o
 .debug_macro   0x00016cdd       0x10 Middlewares/ST/STM32_USB_Host_Library/Class/CDC/Src/usbh_cdc.o
 .debug_macro   0x00016ced       0x40 Middlewares/ST/STM32_USB_Host_Library/Class/CDC/Src/usbh_cdc.o
 .debug_macro   0x00016d2d       0xd7 Middlewares/ST/STM32_USB_Host_Library/Class/CDC/Src/usbh_cdc.o
 .debug_macro   0x00016e04       0x1c Middlewares/ST/STM32_USB_Host_Library/Class/CDC/Src/usbh_cdc.o
 .debug_macro   0x00016e20       0x3d Middlewares/ST/STM32_USB_Host_Library/Class/CDC/Src/usbh_cdc.o
 .debug_macro   0x00016e5d       0x16 Middlewares/ST/STM32_USB_Host_Library/Class/CDC/Src/usbh_cdc.o
 .debug_macro   0x00016e73      0x16f Middlewares/ST/STM32_USB_Host_Library/Class/CDC/Src/usbh_cdc.o
 .debug_macro   0x00016fe2       0x16 Middlewares/ST/STM32_USB_Host_Library/Class/CDC/Src/usbh_cdc.o
 .debug_macro   0x00016ff8       0x35 Middlewares/ST/STM32_USB_Host_Library/Class/CDC/Src/usbh_cdc.o
 .debug_macro   0x0001702d       0x16 Middlewares/ST/STM32_USB_Host_Library/Class/CDC/Src/usbh_cdc.o
 .debug_macro   0x00017043       0x29 Middlewares/ST/STM32_USB_Host_Library/Class/CDC/Src/usbh_cdc.o
 .debug_macro   0x0001706c       0x16 Middlewares/ST/STM32_USB_Host_Library/Class/CDC/Src/usbh_cdc.o
 .debug_macro   0x00017082       0xd9 Middlewares/ST/STM32_USB_Host_Library/Class/CDC/Src/usbh_cdc.o
 .debug_macro   0x0001715b      0x19d Middlewares/ST/STM32_USB_Host_Library/Class/CDC/Src/usbh_cdc.o
 .debug_macro   0x000172f8       0x73 Middlewares/ST/STM32_USB_Host_Library/Class/CDC/Src/usbh_cdc.o
 .debug_macro   0x0001736b      0x210 Middlewares/ST/STM32_USB_Host_Library/Class/CDC/Src/usbh_cdc.o
 .debug_macro   0x0001757b       0x2e Middlewares/ST/STM32_USB_Host_Library/Class/CDC/Src/usbh_cdc.o
 .debug_macro   0x000175a9       0x2e Middlewares/ST/STM32_USB_Host_Library/Class/CDC/Src/usbh_cdc.o
 .debug_macro   0x000175d7       0x28 Middlewares/ST/STM32_USB_Host_Library/Class/CDC/Src/usbh_cdc.o
 .debug_macro   0x000175ff      0x15c Middlewares/ST/STM32_USB_Host_Library/Class/CDC/Src/usbh_cdc.o
 .debug_macro   0x0001775b      0x43b Middlewares/ST/STM32_USB_Host_Library/Core/Src/usbh_core.o
 .debug_macro   0x00017b96      0x433 Middlewares/ST/STM32_USB_Host_Library/Core/Src/usbh_ctlreq.o
 .debug_macro   0x00017fc9       0x28 Middlewares/ST/STM32_USB_Host_Library/Core/Src/usbh_ctlreq.o
 .debug_macro   0x00017ff1      0x42d Middlewares/ST/STM32_USB_Host_Library/Core/Src/usbh_ioreq.o
 .debug_macro   0x0001841e      0x42d Middlewares/ST/STM32_USB_Host_Library/Core/Src/usbh_pipes.o
 .debug_macro   0x0001884b      0x237 Src/main.o
 .debug_macro   0x00018a82      0x22d Src/stm32f4xx_hal_msp.o
 .debug_macro   0x00018caf      0x237 Src/stm32f4xx_it.o
 .debug_macro   0x00018ee6      0x243 Src/syscalls.o
 .debug_macro   0x00019129       0x10 Src/syscalls.o
 .debug_macro   0x00019139       0x10 Src/syscalls.o
 .debug_macro   0x00019149       0x10 Src/syscalls.o
 .debug_macro   0x00019159       0x35 Src/syscalls.o
 .debug_macro   0x0001918e      0x122 Src/syscalls.o
 .debug_macro   0x000192b0       0x10 Src/syscalls.o
 .debug_macro   0x000192c0      0x241 Src/syscalls.o
 .debug_macro   0x00019501       0x1c Src/syscalls.o
 .debug_macro   0x0001951d       0x10 Src/syscalls.o
 .debug_macro   0x0001952d      0x189 Src/syscalls.o
 .debug_macro   0x000196b6       0x16 Src/syscalls.o
 .debug_macro   0x000196cc       0x88 Src/syscalls.o
 .debug_macro   0x00019754      0x224 Src/system_stm32f4xx.o
 .debug_macro   0x00019978      0x43c Src/usb_host.o
 .debug_macro   0x00019db4       0x5e Src/usb_host.o
 .debug_macro   0x00019e12      0x32a Src/usb_host.o
 .debug_macro   0x0001a13c      0x1a3 Src/usb_host.o
 .debug_macro   0x0001a2df      0x162 Src/usb_host.o
 .debug_macro   0x0001a441      0x43d Src/usbh_conf.o
 .debug_macro   0x0001a87e      0x232 Src/usbh_platform.o

.debug_line     0x00000000    0x121ca
 .debug_line    0x00000000      0x93b Drivers/STM32F4xx_HAL_Driver/Src/stm32f4xx_hal.o
 .debug_line    0x0000093b      0xbd7 Drivers/STM32F4xx_HAL_Driver/Src/stm32f4xx_hal_adc.o
 .debug_line    0x00001512      0xa8b Drivers/STM32F4xx_HAL_Driver/Src/stm32f4xx_hal_adc_ex.o
 .debug_line    0x00001f9d      0x98d Drivers/STM32F4xx_HAL_Driver/Src/stm32f4xx_hal_cortex.o
 .debug_line    0x0000292a      0x8a5 Drivers/STM32F4xx_HAL_Driver/Src/stm32f4xx_hal_gpio.o
 .debug_line    0x000031cf      0xb62 Drivers/STM32F4xx_HAL_Driver/Src/stm32f4xx_hal_hcd.o
 .debug_line    0x00003d31     0x1cca Drivers/STM32F4xx_HAL_Driver/Src/stm32f4xx_hal_i2c.o
 .debug_line    0x000059fb      0xce8 Drivers/STM32F4xx_HAL_Driver/Src/stm32f4xx_hal_i2s.o
 .debug_line    0x000066e3      0xd13 Drivers/STM32F4xx_HAL_Driver/Src/stm32f4xx_hal_i2s_ex.o
 .debug_line    0x000073f6      0x9ce Drivers/STM32F4xx_HAL_Driver/Src/stm32f4xx_hal_rcc.o
 .debug_line    0x00007dc4      0x86d Drivers/STM32F4xx_HAL_Driver/Src/stm32f4xx_hal_rcc_ex.o
 .debug_line    0x00008631     0x1184 Drivers/STM32F4xx_HAL_Driver/Src/stm32f4xx_hal_spi.o
 .debug_line    0x000097b5      0xe08 Drivers/STM32F4xx_HAL_Driver/Src/stm32f4xx_ll_usb.o
 .debug_line    0x0000a5bd      0xc2e Middlewares/ST/STM32_USB_Host_Library/Class/CDC/Src/usbh_cdc.o
 .debug_line    0x0000b1eb      0xc65 Middlewares/ST/STM32_USB_Host_Library/Core/Src/usbh_core.o
 .debug_line    0x0000be50      0xc63 Middlewares/ST/STM32_USB_Host_Library/Core/Src/usbh_ctlreq.o
 .debug_line    0x0000cab3      0xa23 Middlewares/ST/STM32_USB_Host_Library/Core/Src/usbh_ioreq.o
 .debug_line    0x0000d4d6      0x9d9 Middlewares/ST/STM32_USB_Host_Library/Core/Src/usbh_pipes.o
 .debug_line    0x0000deaf      0x89b Src/main.o
 .debug_line    0x0000e74a      0x841 Src/stm32f4xx_hal_msp.o
 .debug_line    0x0000ef8b      0x7ec Src/stm32f4xx_it.o
 .debug_line    0x0000f777      0x5d1 Src/syscalls.o
 .debug_line    0x0000fd48      0x759 Src/system_stm32f4xx.o
 .debug_line    0x000104a1      0x9fc Src/usb_host.o
 .debug_line    0x00010e9d      0xb60 Src/usbh_conf.o
 .debug_line    0x000119fd      0x74e Src/usbh_platform.o
 .debug_line    0x0001214b       0x7f startup/startup_stm32f411xe.o

.debug_str      0x00000000    0x93103
 .debug_str     0x00000000    0x86f82 Drivers/STM32F4xx_HAL_Driver/Src/stm32f4xx_hal.o
                              0x872fb (size before relaxing)
 .debug_str     0x00086f82      0x66d Drivers/STM32F4xx_HAL_Driver/Src/stm32f4xx_hal_adc.o
                              0x86f14 (size before relaxing)
 .debug_str     0x000875ef      0x2df Drivers/STM32F4xx_HAL_Driver/Src/stm32f4xx_hal_adc_ex.o
                              0x86f77 (size before relaxing)
 .debug_str     0x000878ce      0x3a1 Drivers/STM32F4xx_HAL_Driver/Src/stm32f4xx_hal_cortex.o
                              0x87093 (size before relaxing)
 .debug_str     0x00087c6f      0x281 Drivers/STM32F4xx_HAL_Driver/Src/stm32f4xx_hal_gpio.o
                              0x86b80 (size before relaxing)
 .debug_str     0x00087ef0      0x83e Drivers/STM32F4xx_HAL_Driver/Src/stm32f4xx_hal_hcd.o
                              0x870ad (size before relaxing)
 .debug_str     0x0008872e      0xd35 Drivers/STM32F4xx_HAL_Driver/Src/stm32f4xx_hal_i2c.o
                              0x878e2 (size before relaxing)
 .debug_str     0x00089463      0x43b Drivers/STM32F4xx_HAL_Driver/Src/stm32f4xx_hal_i2s.o
                              0x86f13 (size before relaxing)
 .debug_str     0x0008989e      0x1f1 Drivers/STM32F4xx_HAL_Driver/Src/stm32f4xx_hal_i2s_ex.o
                              0x86e54 (size before relaxing)
 .debug_str     0x00089a8f      0x36f Drivers/STM32F4xx_HAL_Driver/Src/stm32f4xx_hal_rcc.o
                              0x86d55 (size before relaxing)
 .debug_str     0x00089dfe      0x18f Drivers/STM32F4xx_HAL_Driver/Src/stm32f4xx_hal_rcc_ex.o
                              0x86ac5 (size before relaxing)
 .debug_str     0x00089f8d      0x688 Drivers/STM32F4xx_HAL_Driver/Src/stm32f4xx_hal_spi.o
                              0x871d9 (size before relaxing)
 .debug_str     0x0008a615      0x502 Drivers/STM32F4xx_HAL_Driver/Src/stm32f4xx_ll_usb.o
                              0x8720d (size before relaxing)
 .debug_str     0x0008ab17     0x6abf Middlewares/ST/STM32_USB_Host_Library/Class/CDC/Src/usbh_cdc.o
                              0x8d3c4 (size before relaxing)
 .debug_str     0x000915d6      0x2fa Middlewares/ST/STM32_USB_Host_Library/Core/Src/usbh_core.o
                              0x8c8c7 (size before relaxing)
 .debug_str     0x000918d0      0x1db Middlewares/ST/STM32_USB_Host_Library/Core/Src/usbh_ctlreq.o
                              0x8c857 (size before relaxing)
 .debug_str     0x00091aab       0xb2 Middlewares/ST/STM32_USB_Host_Library/Core/Src/usbh_ioreq.o
                              0x8c68c (size before relaxing)
 .debug_str     0x00091b5d       0x80 Middlewares/ST/STM32_USB_Host_Library/Core/Src/usbh_pipes.o
                              0x8c622 (size before relaxing)
 .debug_str     0x00091bdd      0x12a Src/main.o
                              0x87da4 (size before relaxing)
 .debug_str     0x00091d07       0x1b Src/stm32f4xx_hal_msp.o
                              0x87ddd (size before relaxing)
 .debug_str     0x00091d22       0xda Src/stm32f4xx_it.o
                              0x876c3 (size before relaxing)
 .debug_str     0x00091dfc     0x112b Src/syscalls.o
                               0x85b3 (size before relaxing)
 .debug_str     0x00092f27       0x5a Src/system_stm32f4xx.o
                              0x8693c (size before relaxing)
 .debug_str     0x00092f81       0x99 Src/usb_host.o
                              0x8cd26 (size before relaxing)
 .debug_str     0x0009301a       0xa3 Src/usbh_conf.o
                              0x8d3af (size before relaxing)
 .debug_str     0x000930bd       0x17 Src/usbh_platform.o
                              0x86849 (size before relaxing)
 .debug_str     0x000930d4       0x2f startup/startup_stm32f411xe.o
                                 0x5b (size before relaxing)

.comment        0x00000000       0x7f
 .comment       0x00000000       0x7f Drivers/STM32F4xx_HAL_Driver/Src/stm32f4xx_hal.o
                                 0x80 (size before relaxing)
 .comment       0x0000007f       0x80 Drivers/STM32F4xx_HAL_Driver/Src/stm32f4xx_hal_adc.o
 .comment       0x0000007f       0x80 Drivers/STM32F4xx_HAL_Driver/Src/stm32f4xx_hal_adc_ex.o
 .comment       0x0000007f       0x80 Drivers/STM32F4xx_HAL_Driver/Src/stm32f4xx_hal_cortex.o
 .comment       0x0000007f       0x80 Drivers/STM32F4xx_HAL_Driver/Src/stm32f4xx_hal_gpio.o
 .comment       0x0000007f       0x80 Drivers/STM32F4xx_HAL_Driver/Src/stm32f4xx_hal_hcd.o
 .comment       0x0000007f       0x80 Drivers/STM32F4xx_HAL_Driver/Src/stm32f4xx_hal_i2c.o
 .comment       0x0000007f       0x80 Drivers/STM32F4xx_HAL_Driver/Src/stm32f4xx_hal_i2s.o
 .comment       0x0000007f       0x80 Drivers/STM32F4xx_HAL_Driver/Src/stm32f4xx_hal_i2s_ex.o
 .comment       0x0000007f       0x80 Drivers/STM32F4xx_HAL_Driver/Src/stm32f4xx_hal_rcc.o
 .comment       0x0000007f       0x80 Drivers/STM32F4xx_HAL_Driver/Src/stm32f4xx_hal_rcc_ex.o
 .comment       0x0000007f       0x80 Drivers/STM32F4xx_HAL_Driver/Src/stm32f4xx_hal_spi.o
 .comment       0x0000007f       0x80 Drivers/STM32F4xx_HAL_Driver/Src/stm32f4xx_ll_usb.o
 .comment       0x0000007f       0x80 Middlewares/ST/STM32_USB_Host_Library/Class/CDC/Src/usbh_cdc.o
 .comment       0x0000007f       0x80 Middlewares/ST/STM32_USB_Host_Library/Core/Src/usbh_core.o
 .comment       0x0000007f       0x80 Middlewares/ST/STM32_USB_Host_Library/Core/Src/usbh_ctlreq.o
 .comment       0x0000007f       0x80 Middlewares/ST/STM32_USB_Host_Library/Core/Src/usbh_ioreq.o
 .comment       0x0000007f       0x80 Middlewares/ST/STM32_USB_Host_Library/Core/Src/usbh_pipes.o
 .comment       0x0000007f       0x80 Src/main.o
 .comment       0x0000007f       0x80 Src/stm32f4xx_hal_msp.o
 .comment       0x0000007f       0x80 Src/stm32f4xx_it.o
 .comment       0x0000007f       0x80 Src/syscalls.o
 .comment       0x0000007f       0x80 Src/system_stm32f4xx.o
 .comment       0x0000007f       0x80 Src/usb_host.o
 .comment       0x0000007f       0x80 Src/usbh_conf.o
 .comment       0x0000007f       0x80 Src/usbh_platform.o

.debug_frame    0x00000000     0x3634
 .debug_frame   0x00000000      0x1ec Drivers/STM32F4xx_HAL_Driver/Src/stm32f4xx_hal.o
 .debug_frame   0x000001ec      0x27c Drivers/STM32F4xx_HAL_Driver/Src/stm32f4xx_hal_adc.o
 .debug_frame   0x00000468      0x18c Drivers/STM32F4xx_HAL_Driver/Src/stm32f4xx_hal_adc_ex.o
 .debug_frame   0x000005f4      0x15c Drivers/STM32F4xx_HAL_Driver/Src/stm32f4xx_hal_cortex.o
 .debug_frame   0x00000750       0xd8 Drivers/STM32F4xx_HAL_Driver/Src/stm32f4xx_hal_gpio.o
 .debug_frame   0x00000828      0x2a4 Drivers/STM32F4xx_HAL_Driver/Src/stm32f4xx_hal_hcd.o
 .debug_frame   0x00000acc      0x91c Drivers/STM32F4xx_HAL_Driver/Src/stm32f4xx_hal_i2c.o
 .debug_frame   0x000013e8      0x31c Drivers/STM32F4xx_HAL_Driver/Src/stm32f4xx_hal_i2s.o
 .debug_frame   0x00001704      0x18c Drivers/STM32F4xx_HAL_Driver/Src/stm32f4xx_hal_i2s_ex.o
 .debug_frame   0x00001890      0x184 Drivers/STM32F4xx_HAL_Driver/Src/stm32f4xx_hal_rcc.o
 .debug_frame   0x00001a14       0xb4 Drivers/STM32F4xx_HAL_Driver/Src/stm32f4xx_hal_rcc_ex.o
 .debug_frame   0x00001ac8      0x594 Drivers/STM32F4xx_HAL_Driver/Src/stm32f4xx_hal_spi.o
 .debug_frame   0x0000205c      0x49c Drivers/STM32F4xx_HAL_Driver/Src/stm32f4xx_ll_usb.o
 .debug_frame   0x000024f8      0x1bc Middlewares/ST/STM32_USB_Host_Library/Class/CDC/Src/usbh_cdc.o
 .debug_frame   0x000026b4      0x1fc Middlewares/ST/STM32_USB_Host_Library/Core/Src/usbh_core.o
 .debug_frame   0x000028b0      0x1e8 Middlewares/ST/STM32_USB_Host_Library/Core/Src/usbh_ctlreq.o
 .debug_frame   0x00002a98      0x130 Middlewares/ST/STM32_USB_Host_Library/Core/Src/usbh_ioreq.o
 .debug_frame   0x00002bc8       0x84 Middlewares/ST/STM32_USB_Host_Library/Core/Src/usbh_pipes.o
 .debug_frame   0x00002c4c      0x138 Src/main.o
 .debug_frame   0x00002d84      0x114 Src/stm32f4xx_hal_msp.o
 .debug_frame   0x00002e98       0xd8 Src/stm32f4xx_it.o
 .debug_frame   0x00002f70      0x1a8 Src/syscalls.o
 .debug_frame   0x00003118       0x30 Src/system_stm32f4xx.o
 .debug_frame   0x00003148       0x50 Src/usb_host.o
 .debug_frame   0x00003198      0x25c Src/usbh_conf.o
 .debug_frame   0x000033f4       0x28 Src/usbh_platform.o
 .debug_frame   0x0000341c       0x2c c:/ac6/systemworkbench/plugins/fr.ac6.mcu.externaltools.arm-none.win32_1.17.0.201812190825/tools/compiler/bin/../lib/gcc/arm-none-eabi/7.3.1/thumb/v7e-m/fpv4-sp/hard\libgcc.a(_aeabi_uldivmod.o)
 .debug_frame   0x00003448       0x34 c:/ac6/systemworkbench/plugins/fr.ac6.mcu.externaltools.arm-none.win32_1.17.0.201812190825/tools/compiler/bin/../lib/gcc/arm-none-eabi/7.3.1/thumb/v7e-m/fpv4-sp/hard\libgcc.a(_udivmoddi4.o)
 .debug_frame   0x0000347c       0x20 c:/ac6/systemworkbench/plugins/fr.ac6.mcu.externaltools.arm-none.win32_1.17.0.201812190825/tools/compiler/bin/../lib/gcc/arm-none-eabi/7.3.1/../../../../arm-none-eabi/lib/thumb/v7e-m/fpv4-sp/hard\libc_nano.a(lib_a-errno.o)
 .debug_frame   0x0000349c       0x2c c:/ac6/systemworkbench/plugins/fr.ac6.mcu.externaltools.arm-none.win32_1.17.0.201812190825/tools/compiler/bin/../lib/gcc/arm-none-eabi/7.3.1/../../../../arm-none-eabi/lib/thumb/v7e-m/fpv4-sp/hard\libc_nano.a(lib_a-init.o)
 .debug_frame   0x000034c8       0x30 c:/ac6/systemworkbench/plugins/fr.ac6.mcu.externaltools.arm-none.win32_1.17.0.201812190825/tools/compiler/bin/../lib/gcc/arm-none-eabi/7.3.1/../../../../arm-none-eabi/lib/thumb/v7e-m/fpv4-sp/hard\libc_nano.a(lib_a-malloc.o)
 .debug_frame   0x000034f8       0x20 c:/ac6/systemworkbench/plugins/fr.ac6.mcu.externaltools.arm-none.win32_1.17.0.201812190825/tools/compiler/bin/../lib/gcc/arm-none-eabi/7.3.1/../../../../arm-none-eabi/lib/thumb/v7e-m/fpv4-sp/hard\libc_nano.a(lib_a-memset.o)
 .debug_frame   0x00003518       0x38 c:/ac6/systemworkbench/plugins/fr.ac6.mcu.externaltools.arm-none.win32_1.17.0.201812190825/tools/compiler/bin/../lib/gcc/arm-none-eabi/7.3.1/../../../../arm-none-eabi/lib/thumb/v7e-m/fpv4-sp/hard\libc_nano.a(lib_a-nano-freer.o)